Archive member included to satisfy reference by file (symbol)

/home/satish/workspace_v9/esp8266_tm4c123/src/sysbios/sysbios.am4fg(m3_Hwi_asm_gnu.o)
                              /home/satish/workspace_v9/esp8266_tm4c123/Debug/configPkg/package/cfg/app_pm4fg.om4fg (ti_sysbios_family_arm_m3_Hwi_pendSV(int0_t))
/home/satish/workspace_v9/esp8266_tm4c123/src/sysbios/sysbios.am4fg(m3_Hwi_asm_switch_gnu.o)
                              /home/satish/workspace_v9/esp8266_tm4c123/Debug/configPkg/package/cfg/app_pm4fg.om4fg (ti_sysbios_family_arm_m3_Hwi_getTaskSP__E)
/home/satish/workspace_v9/esp8266_tm4c123/src/sysbios/sysbios.am4fg(m3_IntrinsicsSupport_asm_gnu.o)
                              /home/satish/workspace_v9/esp8266_tm4c123/Debug/configPkg/package/cfg/app_pm4fg.om4fg (ti_sysbios_family_arm_m3_IntrinsicsSupport_maxbit__E)
/home/satish/workspace_v9/esp8266_tm4c123/src/sysbios/sysbios.am4fg(m3_TaskSupport_asm_gnu.o)
                              /home/satish/workspace_v9/esp8266_tm4c123/Debug/configPkg/package/cfg/app_pm4fg.om4fg (ti_sysbios_family_arm_m3_TaskSupport_swap__E)
/home/satish/workspace_v9/esp8266_tm4c123/src/sysbios/sysbios.am4fg(_BIOS.o)
                              /home/satish/workspace_v9/esp8266_tm4c123/Debug/configPkg/package/cfg/app_pm4fg.om4fg (ti_sysbios_BIOS_linkedWithIncorrectBootLibrary__E)
/home/satish/workspace_v9/esp8266_tm4c123/src/sysbios/sysbios.am4fg(knl_Clock.o)
                              /home/satish/workspace_v9/esp8266_tm4c123/Debug/configPkg/package/cfg/app_pm4fg.om4fg (ti_sysbios_knl_Clock_Module_startup__E)
/home/satish/workspace_v9/esp8266_tm4c123/src/sysbios/sysbios.am4fg(knl_Idle.o)
                              /home/satish/workspace_v9/esp8266_tm4c123/Debug/configPkg/package/cfg/app_pm4fg.om4fg (ti_sysbios_knl_Idle_loop__E)
/home/satish/workspace_v9/esp8266_tm4c123/src/sysbios/sysbios.am4fg(knl_Queue.o)
                              /home/satish/workspace_v9/esp8266_tm4c123/Debug/configPkg/package/cfg/app_pm4fg.om4fg (ti_sysbios_knl_Queue_Instance_init__E)
/home/satish/workspace_v9/esp8266_tm4c123/src/sysbios/sysbios.am4fg(knl_Semaphore.o)
                              /home/satish/workspace_v9/esp8266_tm4c123/Debug/configPkg/package/cfg/app_pm4fg.om4fg (ti_sysbios_knl_Semaphore_Instance_init__E)
/home/satish/workspace_v9/esp8266_tm4c123/src/sysbios/sysbios.am4fg(knl_Swi.o)
                              /home/satish/workspace_v9/esp8266_tm4c123/Debug/configPkg/package/cfg/app_pm4fg.om4fg (ti_sysbios_knl_Swi_Module_startup__E)
/home/satish/workspace_v9/esp8266_tm4c123/src/sysbios/sysbios.am4fg(knl_Task.o)
                              /home/satish/workspace_v9/esp8266_tm4c123/Debug/configPkg/package/cfg/app_pm4fg.om4fg (ti_sysbios_knl_Task_startup__E)
/home/satish/workspace_v9/esp8266_tm4c123/src/sysbios/sysbios.am4fg(hal_Hwi.o)
                              /home/satish/workspace_v9/esp8266_tm4c123/Debug/configPkg/package/cfg/app_pm4fg.om4fg (ti_sysbios_hal_Hwi_Module_startup__E)
/home/satish/workspace_v9/esp8266_tm4c123/src/sysbios/sysbios.am4fg(hal_Hwi_stack.o)
                              /home/satish/workspace_v9/esp8266_tm4c123/Debug/configPkg/package/cfg/app_pm4fg.om4fg (ti_sysbios_hal_Hwi_initStack)
/home/satish/workspace_v9/esp8266_tm4c123/src/sysbios/sysbios.am4fg(hal_Hwi_startup.o)
                              /home/satish/workspace_v9/esp8266_tm4c123/Debug/configPkg/package/cfg/app_pm4fg.om4fg (ti_sysbios_hal_Hwi_startup__E)
/home/satish/workspace_v9/esp8266_tm4c123/src/sysbios/sysbios.am4fg(m3_Hwi.o)
                              /home/satish/workspace_v9/esp8266_tm4c123/Debug/configPkg/package/cfg/app_pm4fg.om4fg (ti_sysbios_family_arm_m3_Hwi_Module_startup__E)
/home/satish/workspace_v9/esp8266_tm4c123/src/sysbios/sysbios.am4fg(m3_TaskSupport.o)
                              /home/satish/workspace_v9/esp8266_tm4c123/Debug/configPkg/package/cfg/app_pm4fg.om4fg (ti_sysbios_family_arm_m3_TaskSupport_start__E)
/home/satish/workspace_v9/esp8266_tm4c123/src/sysbios/sysbios.am4fg(gnu_ReentSupport.o)
                              /home/satish/workspace_v9/esp8266_tm4c123/Debug/configPkg/package/cfg/app_pm4fg.om4fg (ti_sysbios_rts_gnu_ReentSupport_Module_startup__E)
/home/satish/workspace_v9/esp8266_tm4c123/src/sysbios/sysbios.am4fg(gates_GateHwi.o)
                              /home/satish/workspace_v9/esp8266_tm4c123/Debug/configPkg/package/cfg/app_pm4fg.om4fg (ti_sysbios_gates_GateHwi_Instance_init__E)
/home/satish/workspace_v9/esp8266_tm4c123/src/sysbios/sysbios.am4fg(gates_GateMutex.o)
                              /home/satish/workspace_v9/esp8266_tm4c123/Debug/configPkg/package/cfg/app_pm4fg.om4fg (ti_sysbios_gates_GateMutex_Instance_init__E)
/home/satish/workspace_v9/esp8266_tm4c123/src/sysbios/sysbios.am4fg(heaps_HeapMem.o)
                              /home/satish/workspace_v9/esp8266_tm4c123/Debug/configPkg/package/cfg/app_pm4fg.om4fg (ti_sysbios_heaps_HeapMem_init(int0_t))
[...]
Memory Configuration

Name             Origin             Length             Attributes
FLASH            0x0000000000000000 0x0000000000040000 xr
SRAM             0x0000000020000000 0x0000000000008000 xw
*default*        0x0000000000000000 0xffffffffffffffff

Linker script and memory map

LOAD ./main.o
LOAD ./Source/system_initilize.o
                [!provide]                        PROVIDE (_intvecs_base_address, DEFINED (_intvecs_base_address)?_intvecs_base_address:0x0)

.intvecs        0x0000000000000000       0x3c
 *(.intvecs)
 .intvecs       0x0000000000000000       0x3c /home/satish/workspace_v9/esp8266_tm4c123/Debug/configPkg/package/cfg/app_pm4fg.om4fg
                0x0000000000000000                ti_sysbios_family_arm_m3_Hwi_resetVectors
                [!provide]                        PROVIDE (_vtable_base_address, DEFINED (_vtable_base_address)?_vtable_base_address:0x20000000)

.vtable         0x0000000020000000      0x360
 *(.vtable)
 .vtable        0x0000000020000000      0x360 /home/satish/workspace_v9/esp8266_tm4c123/Debug/configPkg/package/cfg/app_pm4fg.om4fg
                0x0000000020000000                ti_sysbios_family_arm_m3_Hwi_ramVectors

.text           0x000000000000003c     0x6678
 CREATE_OBJECT_SYMBOLS
 *(.text)
 .text          0x000000000000003c       0x10 /home/satish/ti/bios_6_76_02_02/packages/gnu/targets/arm/libs/install-native/arm-none-eabi/lib/thumb/v7e-m/fpv4-sp/hard/libc_nano.a(lib_a-strlen.o)
                0x000000000000003c                strlen
 *(.text.*)
 .text.taskFxn  0x000000000000004c       0x24 ./main.o
                0x000000000000004c                taskFxn
 .text.main     0x0000000000000070       0x48 ./main.o
                0x0000000000000070                main
 .text.wtchdog_init
                0x00000000000000b8       0x10 ./Source/system_initilize.o
                0x00000000000000b8                wtchdog_init
 .text.sys_init
                0x00000000000000c8        0x8 ./Source/system_initilize.o
                0x00000000000000c8                sys_init
 .text.xdc_runtime_LoggerBuf_Handle__label__S
                0x00000000000000d0       0x20 /home/satish/workspace_v9/esp8266_tm4c123/Debug/configPkg/package/cfg/app_pm4fg.om4fg
                0x00000000000000d0                xdc_runtime_LoggerBuf_Handle__label(void) static
 .text.xdc_runtime_Startup_exec__I
                0x00000000000000f0       0x14 /home/satish/workspace_v9/esp8266_tm4c123/Debug/configPkg/package/cfg/app_pm4fg.om4fg
                0x00000000000000f0                xdc_runtime_Startup_exec(int0_t)
 .text.xdc_runtime_System_printfExtend__I
                0x0000000000000104       0xe0 /home/satish/workspace_v9/esp8266_tm4c123/Debug/configPkg/package/cfg/app_pm4fg.om4fg
                0x0000000000000104                xdc_runtime_System_printfExtend(int0_t)
 .text.xdc_runtime_SysMin_output__I
                0x00000000000001e4       0x28 /home/satish/workspace_v9/esp8266_tm4c123/Debug/configPkg/package/cfg/app_pm4fg.om4fg
                0x00000000000001e4                xdc_runtime_SysMin_output(int0_t)
 .text.xdc_runtime_Text_visitRope__I
                0x000000000000020c       0x10 /home/satish/workspace_v9/esp8266_tm4c123/Debug/configPkg/package/cfg/app_pm4fg.om4fg
                0x000000000000020c                xdc_runtime_Text_visitRope(int0_t)
 .text.ti_catalog_arm_cortexm4_tiva_ce_Boot_init__I
                0x000000000000021c        0xc /home/satish/workspace_v9/esp8266_tm4c123/Debug/configPkg/package/cfg/app_pm4fg.om4fg
                0x000000000000021c                ti_catalog_arm_cortexm4_tiva_ce_Boot_init(int0_t)
 .text.ti_sysbios_BIOS_startFunc__I
                0x0000000000000228       0x2c /home/satish/workspace_v9/esp8266_tm4c123/Debug/configPkg/package/cfg/app_pm4fg.om4fg
                0x0000000000000228                ti_sysbios_BIOS_startFunc(int0_t)
 .text.ti_sysbios_BIOS_atExitFunc__I
                0x0000000000000254       0x14 /home/satish/workspace_v9/esp8266_tm4c123/Debug/configPkg/package/cfg/app_pm4fg.om4fg
                0x0000000000000254                ti_sysbios_BIOS_atExitFunc(int0_t)
 .text.ti_sysbios_BIOS_exitFunc__I
                0x0000000000000268       0x14 /home/satish/workspace_v9/esp8266_tm4c123/Debug/configPkg/package/cfg/app_pm4fg.om4fg
                0x0000000000000268                ti_sysbios_BIOS_exitFunc(int0_t)
 .text.ti_sysbios_BIOS_errorRaiseHook__I
                0x000000000000027c       0x2c /home/satish/workspace_v9/esp8266_tm4c123/Debug/configPkg/package/cfg/app_pm4fg.om4fg
                0x000000000000027c                ti_sysbios_BIOS_errorRaiseHook(int0_t)
 .text.ti_sysbios_rts_MemAlloc_alloc
                0x00000000000002a8       0x34 /home/satish/workspace_v9/esp8266_tm4c123/Debug/configPkg/package/cfg/app_pm4fg.om4fg
 .text.ti_sysbios_gates_GateHwi_Object__delete__S
                0x00000000000002dc       0x24 /home/satish/workspace_v9/esp8266_tm4c123/Debug/configPkg/package/cfg/app_pm4fg.om4fg
                0x00000000000002dc                ti_sysbios_gates_GateHwi_Object__delete(void) static
 .text.ti_sysbios_gates_GateMutex_Object__delete__S
                0x0000000000000300       0x28 /home/satish/workspace_v9/esp8266_tm4c123/Debug/configPkg/package/cfg/app_pm4fg.om4fg
                0x0000000000000300                ti_sysbios_gates_GateMutex_Object__delete(void) static
 .text.ti_sysbios_heaps_HeapMem_Object__delete__S
                0x0000000000000328       0x24 /home/satish/workspace_v9/esp8266_tm4c123/Debug/configPkg/package/cfg/app_pm4fg.om4fg
                0x0000000000000328                ti_sysbios_heaps_HeapMem_Object__delete(void) static
 .text.xdc_runtime_LoggerBuf_Object__delete__S
                0x000000000000034c       0x24 /home/satish/workspace_v9/esp8266_tm4c123/Debug/configPkg/package/cfg/app_pm4fg.om4fg
                0x000000000000034c                xdc_runtime_LoggerBuf_Object__delete(void) static
 .text.ti_sysbios_gates_GateHwi_Object__create__S
                0x0000000000000370       0x2c /home/satish/workspace_v9/esp8266_tm4c123/Debug/configPkg/package/cfg/app_pm4fg.om4fg
                0x0000000000000370                ti_sysbios_gates_GateHwi_Object__create(void) static
 .text.ti_sysbios_gates_GateMutex_Object__create__S
                0x000000000000039c       0x2c /home/satish/workspace_v9/esp8266_tm4c123/Debug/configPkg/package/cfg/app_pm4fg.om4fg
                0x000000000000039c                ti_sysbios_gates_GateMutex_Object__create(void) static
 .text.ti_sysbios_heaps_HeapMem_Object__create__S
                0x00000000000003c8       0x2c /home/satish/workspace_v9/esp8266_tm4c123/Debug/configPkg/package/cfg/app_pm4fg.om4fg
                0x00000000000003c8                ti_sysbios_heaps_HeapMem_Object__create(void) static
 .text.xdc_runtime_LoggerBuf_Object__create__S
                0x00000000000003f4       0x48 /home/satish/workspace_v9/esp8266_tm4c123/Debug/configPkg/package/cfg/app_pm4fg.om4fg
                0x00000000000003f4                xdc_runtime_LoggerBuf_Object__create(void) static
 .text.ti_sysbios_knl_Clock_doTick__I
                0x000000000000043c       0x30 /home/satish/workspace_v9/esp8266_tm4c123/Debug/configPkg/package/cfg/app_pm4fg.om4fg
                0x000000000000043c                ti_sysbios_knl_Clock_doTick(int0_t)
 .text.free.part.1
                0x000000000000046c       0x14 /home/satish/workspace_v9/esp8266_tm4c123/Debug/configPkg/package/cfg/app_pm4fg.om4fg
 .text.ti_sysbios_gates_GateHwi_Handle__label__S
                0x0000000000000480       0x20 /home/satish/workspace_v9/esp8266_tm4c123/Debug/configPkg/package/cfg/app_pm4fg.om4fg
                0x0000000000000480                ti_sysbios_gates_GateHwi_Handle__label(void) static
 .text.ti_sysbios_gates_GateMutex_Handle__label__S
                0x00000000000004a0       0x20 /home/satish/workspace_v9/esp8266_tm4c123/Debug/configPkg/package/cfg/app_pm4fg.om4fg
                0x00000000000004a0                ti_sysbios_gates_GateMutex_Handle__label(void) static
 .text.ti_sysbios_heaps_HeapMem_Handle__label__S
                0x00000000000004c0       0x20 /home/satish/workspace_v9/esp8266_tm4c123/Debug/configPkg/package/cfg/app_pm4fg.om4fg
                0x00000000000004c0                ti_sysbios_heaps_HeapMem_Handle__label(void) static
 .text.xdc_runtime_Startup_reset__I
                0x00000000000004e0        0x4 /home/satish/workspace_v9/esp8266_tm4c123/Debug/configPkg/package/cfg/app_pm4fg.om4fg
                0x00000000000004e0                xdc_runtime_Startup_reset(int0_t)
 .text._malloc_r
                0x00000000000004e4        0x8 /home/satish/workspace_v9/esp8266_tm4c123/Debug/configPkg/package/cfg/app_pm4fg.om4fg
                0x00000000000004e4                _malloc_r
 .text._free_r  0x00000000000004ec        0xc /home/satish/workspace_v9/esp8266_tm4c123/Debug/configPkg/package/cfg/app_pm4fg.om4fg
                0x00000000000004ec                _free_r
 .text.__getreent
                0x00000000000004f8       0x1c /home/satish/workspace_v9/esp8266_tm4c123/Debug/configPkg/package/cfg/app_pm4fg.om4fg
                0x00000000000004f8                __getreent
 .text.__libc_lock_release_recursive
                0x0000000000000514       0x14 /home/satish/workspace_v9/esp8266_tm4c123/Debug/configPkg/package/cfg/app_pm4fg.om4fg
                0x0000000000000514                __libc_lock_release_recursive
 .text.__libc_lock_close_recursive
                0x0000000000000528       0x30 /home/satish/workspace_v9/esp8266_tm4c123/Debug/configPkg/package/cfg/app_pm4fg.om4fg
                0x0000000000000528                __libc_lock_close_recursive
 .text.xdc_runtime_System_printf__E
                0x0000000000000558       0x1c /home/satish/workspace_v9/esp8266_tm4c123/Debug/configPkg/package/cfg/app_pm4fg.om4fg
                0x0000000000000558                xdc_runtime_System_printf__E
 .text.xdc_runtime_System_aprintf__E
                0x0000000000000574       0x1c /home/satish/workspace_v9/esp8266_tm4c123/Debug/configPkg/package/cfg/app_pm4fg.om4fg
                0x0000000000000574                xdc_runtime_System_aprintf__E
 .text.ti_sysbios_hal_Hwi_HwiProxy_getStackInfo__E
                0x0000000000000590        0x4 /home/satish/workspace_v9/esp8266_tm4c123/Debug/configPkg/package/cfg/app_pm4fg.om4fg
                0x0000000000000590                ti_sysbios_hal_Hwi_HwiProxy_getStackInfo__E
 .text.ti_sysbios_hal_Hwi_HwiProxy_startup__E
                0x0000000000000594        0x4 /home/satish/workspace_v9/esp8266_tm4c123/Debug/configPkg/package/cfg/app_pm4fg.om4fg
                0x0000000000000594                ti_sysbios_hal_Hwi_HwiProxy_startup__E
 .text.ti_sysbios_hal_Hwi_HwiProxy_switchFromBootStack__E
                0x0000000000000598        0x4 /home/satish/workspace_v9/esp8266_tm4c123/Debug/configPkg/package/cfg/app_pm4fg.om4fg
                0x0000000000000598                ti_sysbios_hal_Hwi_HwiProxy_switchFromBootStack__E
 .text.ti_sysbios_heaps_HeapMem_Module_GateProxy_query__E
                0x000000000000059c        0x4 /home/satish/workspace_v9/esp8266_tm4c123/Debug/configPkg/package/cfg/app_pm4fg.om4fg
                0x000000000000059c                ti_sysbios_heaps_HeapMem_Module_GateProxy_query__E
 .text.ti_sysbios_heaps_HeapMem_Module_GateProxy_enter__E
                0x00000000000005a0        0x4 /home/satish/workspace_v9/esp8266_tm4c123/Debug/configPkg/package/cfg/app_pm4fg.om4fg
                0x00000000000005a0                ti_sysbios_heaps_HeapMem_Module_GateProxy_enter__E
 .text.ti_sysbios_heaps_HeapMem_Module_GateProxy_leave__E
                0x00000000000005a4        0x4 /home/satish/workspace_v9/esp8266_tm4c123/Debug/configPkg/package/cfg/app_pm4fg.om4fg
                0x00000000000005a4                ti_sysbios_heaps_HeapMem_Module_GateProxy_leave__E
 .text.ti_sysbios_knl_Clock_TimerProxy_getMaxTicks__E
                0x00000000000005a8        0x4 /home/satish/workspace_v9/esp8266_tm4c123/Debug/configPkg/package/cfg/app_pm4fg.om4fg
                0x00000000000005a8                ti_sysbios_knl_Clock_TimerProxy_getMaxTicks__E
 .text.ti_sysbios_knl_Clock_TimerProxy_getPeriod__E
                0x00000000000005ac        0x4 /home/satish/workspace_v9/esp8266_tm4c123/Debug/configPkg/package/cfg/app_pm4fg.om4fg
                0x00000000000005ac                ti_sysbios_knl_Clock_TimerProxy_getPeriod__E
 .text.ti_sysbios_knl_Task_SupportProxy_Module__startupDone__S
                0x00000000000005b0        0x4 /home/satish/workspace_v9/esp8266_tm4c123/Debug/configPkg/package/cfg/app_pm4fg.om4fg
                0x00000000000005b0                ti_sysbios_knl_Task_SupportProxy_Module__startupDone(void) static
 .text.ti_sysbios_knl_Task_SupportProxy_start__E
                0x00000000000005b4        0x4 /home/satish/workspace_v9/esp8266_tm4c123/Debug/configPkg/package/cfg/app_pm4fg.om4fg
                0x00000000000005b4                ti_sysbios_knl_Task_SupportProxy_start__E
 .text.ti_sysbios_knl_Task_SupportProxy_swap__E
                0x00000000000005b8        0x4 /home/satish/workspace_v9/esp8266_tm4c123/Debug/configPkg/package/cfg/app_pm4fg.om4fg
                0x00000000000005b8                ti_sysbios_knl_Task_SupportProxy_swap__E
 .text.ti_sysbios_knl_Task_SupportProxy_checkStack__E
                0x00000000000005bc        0x4 /home/satish/workspace_v9/esp8266_tm4c123/Debug/configPkg/package/cfg/app_pm4fg.om4fg
                0x00000000000005bc                ti_sysbios_knl_Task_SupportProxy_checkStack__E
 .text.ti_sysbios_knl_Task_SupportProxy_getStackAlignment__E
                0x00000000000005c0        0x4 /home/satish/workspace_v9/esp8266_tm4c123/Debug/configPkg/package/cfg/app_pm4fg.om4fg
                0x00000000000005c0                ti_sysbios_knl_Task_SupportProxy_getStackAlignment__E
 .text.xdc_runtime_LoggerBuf_Module_GateProxy_enter__E
                0x00000000000005c4        0x4 /home/satish/workspace_v9/esp8266_tm4c123/Debug/configPkg/package/cfg/app_pm4fg.om4fg
                0x00000000000005c4                xdc_runtime_LoggerBuf_Module_GateProxy_enter__E
 .text.xdc_runtime_LoggerBuf_Module_GateProxy_leave__E
                0x00000000000005c8        0x4 /home/satish/workspace_v9/esp8266_tm4c123/Debug/configPkg/package/cfg/app_pm4fg.om4fg
                0x00000000000005c8                xdc_runtime_LoggerBuf_Module_GateProxy_leave__E
 .text.xdc_runtime_LoggerBuf_TimestampProxy_get64__E
                0x00000000000005cc        0x4 /home/satish/workspace_v9/esp8266_tm4c123/Debug/configPkg/package/cfg/app_pm4fg.om4fg
                0x00000000000005cc                xdc_runtime_LoggerBuf_TimestampProxy_get64__E
 .text.xdc_runtime_Memory_HeapProxy_alloc__E
                0x00000000000005d0       0x10 /home/satish/workspace_v9/esp8266_tm4c123/Debug/configPkg/package/cfg/app_pm4fg.om4fg
                0x00000000000005d0                xdc_runtime_Memory_HeapProxy_alloc__E
 .text.xdc_runtime_Memory_HeapProxy_free__E
                0x00000000000005e0        0x8 /home/satish/workspace_v9/esp8266_tm4c123/Debug/configPkg/package/cfg/app_pm4fg.om4fg
                0x00000000000005e0                xdc_runtime_Memory_HeapProxy_free__E
 .text.xdc_runtime_System_Module_GateProxy_enter__E
                0x00000000000005e8        0x4 /home/satish/workspace_v9/esp8266_tm4c123/Debug/configPkg/package/cfg/app_pm4fg.om4fg
                0x00000000000005e8                xdc_runtime_System_Module_GateProxy_enter__E
 .text.xdc_runtime_System_Module_GateProxy_leave__E
                0x00000000000005ec        0x4 /home/satish/workspace_v9/esp8266_tm4c123/Debug/configPkg/package/cfg/app_pm4fg.om4fg
                0x00000000000005ec                xdc_runtime_System_Module_GateProxy_leave__E
 .text.xdc_runtime_System_SupportProxy_abort__E
                0x00000000000005f0        0x4 /home/satish/workspace_v9/esp8266_tm4c123/Debug/configPkg/package/cfg/app_pm4fg.om4fg
                0x00000000000005f0                xdc_runtime_System_SupportProxy_abort__E
 .text.xdc_runtime_System_SupportProxy_exit__E
                0x00000000000005f4        0x4 /home/satish/workspace_v9/esp8266_tm4c123/Debug/configPkg/package/cfg/app_pm4fg.om4fg
                0x00000000000005f4                xdc_runtime_System_SupportProxy_exit__E
 .text.xdc_runtime_System_SupportProxy_flush__E
                0x00000000000005f8        0x4 /home/satish/workspace_v9/esp8266_tm4c123/Debug/configPkg/package/cfg/app_pm4fg.om4fg
                0x00000000000005f8                xdc_runtime_System_SupportProxy_flush__E
 .text.xdc_runtime_System_SupportProxy_putch__E
                0x00000000000005fc        0x4 /home/satish/workspace_v9/esp8266_tm4c123/Debug/configPkg/package/cfg/app_pm4fg.om4fg
                0x00000000000005fc                xdc_runtime_System_SupportProxy_putch__E
 .text.xdc_runtime_System_SupportProxy_ready__E
                0x0000000000000600        0x4 /home/satish/workspace_v9/esp8266_tm4c123/Debug/configPkg/package/cfg/app_pm4fg.om4fg
                0x0000000000000600                xdc_runtime_System_SupportProxy_ready__E
 .text.ti_sysbios_family_arm_lm4_Timer_Module__startupDone__S
                0x0000000000000604       0x14 /home/satish/workspace_v9/esp8266_tm4c123/Debug/configPkg/package/cfg/app_pm4fg.om4fg
                0x0000000000000604                ti_sysbios_family_arm_lm4_Timer_Module__startupDone(void) static
 .text.ti_sysbios_knl_Clock_TimerProxy_Module__startupDone__S
                0x0000000000000618        0x4 /home/satish/workspace_v9/esp8266_tm4c123/Debug/configPkg/package/cfg/app_pm4fg.om4fg
                0x0000000000000618                ti_sysbios_knl_Clock_TimerProxy_Module__startupDone(void) static
 .text.ti_sysbios_family_arm_m3_Hwi_Module__startupDone__S
                0x000000000000061c       0x14 /home/satish/workspace_v9/esp8266_tm4c123/Debug/configPkg/package/cfg/app_pm4fg.om4fg
                0x000000000000061c                ti_sysbios_family_arm_m3_Hwi_Module__startupDone(void) static
 .text.ti_sysbios_hal_Hwi_HwiProxy_Module__startupDone__S
                0x0000000000000630        0x4 /home/satish/workspace_v9/esp8266_tm4c123/Debug/configPkg/package/cfg/app_pm4fg.om4fg
                0x0000000000000630                ti_sysbios_hal_Hwi_HwiProxy_Module__startupDone(void) static
 .text.ti_sysbios_family_arm_m3_Hwi_Handle__label__S
                0x0000000000000634       0x20 /home/satish/workspace_v9/esp8266_tm4c123/Debug/configPkg/package/cfg/app_pm4fg.om4fg
                0x0000000000000634                ti_sysbios_family_arm_m3_Hwi_Handle__label(void) static
 .text.ti_sysbios_family_arm_m3_Hwi_Object__get__S
                0x0000000000000654       0x14 /home/satish/workspace_v9/esp8266_tm4c123/Debug/configPkg/package/cfg/app_pm4fg.om4fg
                0x0000000000000654                ti_sysbios_family_arm_m3_Hwi_Object__get(void) static
 .text.ti_sysbios_heaps_HeapMem_Object__get__S
                0x0000000000000668       0x14 /home/satish/workspace_v9/esp8266_tm4c123/Debug/configPkg/package/cfg/app_pm4fg.om4fg
                0x0000000000000668                ti_sysbios_heaps_HeapMem_Object__get(void) static
 .text.ti_sysbios_knl_Queue_Object__get__S
                0x000000000000067c        0x8 /home/satish/workspace_v9/esp8266_tm4c123/Debug/configPkg/package/cfg/app_pm4fg.om4fg
                0x000000000000067c                ti_sysbios_knl_Queue_Object__get(void) static
 .text.ti_sysbios_knl_Queue_construct
                0x0000000000000684       0x28 /home/satish/workspace_v9/esp8266_tm4c123/Debug/configPkg/package/cfg/app_pm4fg.om4fg
                0x0000000000000684                ti_sysbios_knl_Queue_construct
 .text.ti_sysbios_knl_Queue_destruct
                0x00000000000006ac       0x20 /home/satish/workspace_v9/esp8266_tm4c123/Debug/configPkg/package/cfg/app_pm4fg.om4fg
                0x00000000000006ac                ti_sysbios_knl_Queue_destruct
 .text.ti_sysbios_knl_Semaphore_construct
                0x00000000000006cc       0x2c /home/satish/workspace_v9/esp8266_tm4c123/Debug/configPkg/package/cfg/app_pm4fg.om4fg
                0x00000000000006cc                ti_sysbios_knl_Semaphore_construct
 .text.__libc_lock_init_recursive
                0x00000000000006f8       0x34 /home/satish/workspace_v9/esp8266_tm4c123/Debug/configPkg/package/cfg/app_pm4fg.om4fg
                0x00000000000006f8                __libc_lock_init_recursive
 .text.__libc_lock_acquire_recursive
                0x000000000000072c       0x78 /home/satish/workspace_v9/esp8266_tm4c123/Debug/configPkg/package/cfg/app_pm4fg.om4fg
                0x000000000000072c                __libc_lock_acquire_recursive
 .text.ti_sysbios_knl_Semaphore_destruct
                0x00000000000007a4       0x24 /home/satish/workspace_v9/esp8266_tm4c123/Debug/configPkg/package/cfg/app_pm4fg.om4fg
                0x00000000000007a4                ti_sysbios_knl_Semaphore_destruct
 .text.ti_sysbios_knl_Swi_Handle__label__S
                0x00000000000007c8       0x20 /home/satish/workspace_v9/esp8266_tm4c123/Debug/configPkg/package/cfg/app_pm4fg.om4fg
                0x00000000000007c8                ti_sysbios_knl_Swi_Handle__label(void) static
 .text.ti_sysbios_knl_Swi_Object__get__S
                0x00000000000007e8       0x14 /home/satish/workspace_v9/esp8266_tm4c123/Debug/configPkg/package/cfg/app_pm4fg.om4fg
                0x00000000000007e8                ti_sysbios_knl_Swi_Object__get(void) static
 .text.ti_sysbios_knl_Task_Handle__label__S
                0x00000000000007fc       0x20 /home/satish/workspace_v9/esp8266_tm4c123/Debug/configPkg/package/cfg/app_pm4fg.om4fg
                0x00000000000007fc                ti_sysbios_knl_Task_Handle__label(void) static
 .text.ti_sysbios_knl_Task_Object__get__S
                0x000000000000081c       0x14 /home/satish/workspace_v9/esp8266_tm4c123/Debug/configPkg/package/cfg/app_pm4fg.om4fg
                0x000000000000081c                ti_sysbios_knl_Task_Object__get(void) static
 .text.ti_sysbios_knl_Task_create
                0x0000000000000830       0x4c /home/satish/workspace_v9/esp8266_tm4c123/Debug/configPkg/package/cfg/app_pm4fg.om4fg
                0x0000000000000830                ti_sysbios_knl_Task_create
 .text.xdc_runtime_LoggerBuf_Object__get__S
                0x000000000000087c       0x14 /home/satish/workspace_v9/esp8266_tm4c123/Debug/configPkg/package/cfg/app_pm4fg.om4fg
                0x000000000000087c                xdc_runtime_LoggerBuf_Object__get(void) static
 .text.ti_sysbios_family_arm_m3_Hwi_dispatch__I
                0x0000000000000890      0x118 /home/satish/workspace_v9/esp8266_tm4c123/src/sysbios/sysbios.am4fg(m3_Hwi_asm_gnu.o)
                0x0000000000000890                ti_sysbios_family_arm_m3_Hwi_dispatch(int0_t)
                0x0000000000000964                ti_sysbios_family_arm_m3_Hwi_interruptsAreDisabledButShouldNotBe
                0x0000000000000968                ti_sysbios_family_arm_m3_Hwi_pendSV(int0_t)
 .text.ti_sysbios_family_arm_m3_Hwi_excHandlerAsm__I
                0x00000000000009a8       0x28 /home/satish/workspace_v9/esp8266_tm4c123/src/sysbios/sysbios.am4fg(m3_Hwi_asm_gnu.o)
                0x00000000000009a8                ti_sysbios_family_arm_m3_Hwi_excHandlerAsm(int0_t)
 .text.ti_sysbios_family_xxx_Hwi_switchAndRunFunc
                0x00000000000009d0       0x1e /home/satish/workspace_v9/esp8266_tm4c123/src/sysbios/sysbios.am4fg(m3_Hwi_asm_switch_gnu.o)
                0x00000000000009d0                ti_sysbios_family_xxx_Hwi_switchAndRunFunc
 *fill*         0x00000000000009ee        0x2 
 .text.ti_sysbios_family_arm_m3_Hwi_initStacks__E
                0x00000000000009f0       0x58 /home/satish/workspace_v9/esp8266_tm4c123/src/sysbios/sysbios.am4fg(m3_Hwi_asm_switch_gnu.o)
                0x00000000000009f0                ti_sysbios_family_arm_m3_Hwi_initStacks__E
 .text.ti_sysbios_family_arm_m3_TaskSupport_swap__E
                0x0000000000000a48       0x2c /home/satish/workspace_v9/esp8266_tm4c123/src/sysbios/sysbios.am4fg(m3_TaskSupport_asm_gnu.o)
                0x0000000000000a48                ti_sysbios_family_arm_m3_TaskSupport_swap__E
                0x0000000000000a58                ti_sysbios_knl_Task_swapReturn
 .text.ti_sysbios_family_arm_m3_TaskSupport_glue
                0x0000000000000a74       0x18 /home/satish/workspace_v9/esp8266_tm4c123/src/sysbios/sysbios.am4fg(m3_TaskSupport_asm_gnu.o)
                0x0000000000000a74                ti_sysbios_family_arm_m3_TaskSupport_glue
 .text.ti_sysbios_BIOS_linkedWithIncorrectBootLibrary__E
                0x0000000000000a8c        0x4 /home/satish/workspace_v9/esp8266_tm4c123/src/sysbios/sysbios.am4fg(_BIOS.o)
                0x0000000000000a8c                ti_sysbios_BIOS_linkedWithIncorrectBootLibrary__E
 .text.ti_sysbios_BIOS_getThreadType__E
                0x0000000000000a90        0xc /home/satish/workspace_v9/esp8266_tm4c123/src/sysbios/sysbios.am4fg(_BIOS.o)
                0x0000000000000a90                ti_sysbios_BIOS_getThreadType__E
 .text.ti_sysbios_BIOS_setThreadType__E
                0x0000000000000a9c       0x10 /home/satish/workspace_v9/esp8266_tm4c123/src/sysbios/sysbios.am4fg(_BIOS.o)
                0x0000000000000a9c                ti_sysbios_BIOS_setThreadType__E
 .text.ti_sysbios_BIOS_start__E
                0x0000000000000aac        0xc /home/satish/workspace_v9/esp8266_tm4c123/src/sysbios/sysbios.am4fg(_BIOS.o)
                0x0000000000000aac                ti_sysbios_BIOS_start__E
 .text.ti_sysbios_BIOS_exit__E
                0x0000000000000ab8        0xc /home/satish/workspace_v9/esp8266_tm4c123/src/sysbios/sysbios.am4fg(_BIOS.o)
                0x0000000000000ab8                ti_sysbios_BIOS_exit__E
 .text.ti_sysbios_knl_Clock_Module_startup__E
                0x0000000000000ac4       0x24 /home/satish/workspace_v9/esp8266_tm4c123/src/sysbios/sysbios.am4fg(knl_Clock.o)
                0x0000000000000ac4                ti_sysbios_knl_Clock_Module_startup__E
 .text.ti_sysbios_knl_Clock_getCompletedTicks__E
                0x0000000000000ae8        0xc /home/satish/workspace_v9/esp8266_tm4c123/src/sysbios/sysbios.am4fg(knl_Clock.o)
                0x0000000000000ae8                ti_sysbios_knl_Clock_getCompletedTicks__E
 .text.ti_sysbios_knl_Clock_getTickPeriod__E
                0x0000000000000af4        0xc /home/satish/workspace_v9/esp8266_tm4c123/src/sysbios/sysbios.am4fg(knl_Clock.o)
                0x0000000000000af4                ti_sysbios_knl_Clock_getTickPeriod__E
 .text.ti_sysbios_knl_Clock_workFunc__E
                0x0000000000000b00      0x154 /home/satish/workspace_v9/esp8266_tm4c123/src/sysbios/sysbios.am4fg(knl_Clock.o)
                0x0000000000000b00                ti_sysbios_knl_Clock_workFunc__E
 .text.ti_sysbios_knl_Clock_initI__E
                0x0000000000000c54       0x14 /home/satish/workspace_v9/esp8266_tm4c123/src/sysbios/sysbios.am4fg(knl_Clock.o)
                0x0000000000000c54                ti_sysbios_knl_Clock_initI__E
 .text.ti_sysbios_knl_Clock_enqueueI__E
                0x0000000000000c68       0x18 /home/satish/workspace_v9/esp8266_tm4c123/src/sysbios/sysbios.am4fg(knl_Clock.o)
                0x0000000000000c68                ti_sysbios_knl_Clock_enqueueI__E
 .text.ti_sysbios_knl_Clock_removeI__E
                0x0000000000000c80        0x4 /home/satish/workspace_v9/esp8266_tm4c123/src/sysbios/sysbios.am4fg(knl_Clock.o)
                0x0000000000000c80                ti_sysbios_knl_Clock_removeI__E
 .text.ti_sysbios_knl_Clock_startI__E
                0x0000000000000c84       0x14 /home/satish/workspace_v9/esp8266_tm4c123/src/sysbios/sysbios.am4fg(knl_Clock.o)
                0x0000000000000c84                ti_sysbios_knl_Clock_startI__E
 .text.ti_sysbios_knl_Clock_stop__E
                0x0000000000000c98        0x8 /home/satish/workspace_v9/esp8266_tm4c123/src/sysbios/sysbios.am4fg(knl_Clock.o)
                0x0000000000000c98                ti_sysbios_knl_Clock_stop__E
 .text.ti_sysbios_knl_Clock_logTick__E
                0x0000000000000ca0       0x70 /home/satish/workspace_v9/esp8266_tm4c123/src/sysbios/sysbios.am4fg(knl_Clock.o)
                0x0000000000000ca0                ti_sysbios_knl_Clock_logTick__E
 .text.ti_sysbios_knl_Idle_loop__E
                0x0000000000000d10       0x28 /home/satish/workspace_v9/esp8266_tm4c123/src/sysbios/sysbios.am4fg(knl_Idle.o)
                0x0000000000000d10                ti_sysbios_knl_Idle_loop__E
 .text.ti_sysbios_knl_Idle_run__E
                0x0000000000000d38       0x24 /home/satish/workspace_v9/esp8266_tm4c123/src/sysbios/sysbios.am4fg(knl_Idle.o)
                0x0000000000000d38                ti_sysbios_knl_Idle_run__E
 .text.ti_sysbios_knl_Queue_Instance_init__E
                0x0000000000000d5c        0x8 /home/satish/workspace_v9/esp8266_tm4c123/src/sysbios/sysbios.am4fg(knl_Queue.o)
                0x0000000000000d5c                ti_sysbios_knl_Queue_Instance_init__E
 .text.ti_sysbios_knl_Queue_dequeue__E
                0x0000000000000d64        0xc /home/satish/workspace_v9/esp8266_tm4c123/src/sysbios/sysbios.am4fg(knl_Queue.o)
                0x0000000000000d64                ti_sysbios_knl_Queue_dequeue__E
 .text.ti_sysbios_knl_Queue_empty__E
                0x0000000000000d70        0xc /home/satish/workspace_v9/esp8266_tm4c123/src/sysbios/sysbios.am4fg(knl_Queue.o)
                0x0000000000000d70                ti_sysbios_knl_Queue_empty__E
 .text.ti_sysbios_knl_Queue_enqueue__E
                0x0000000000000d7c        0xc /home/satish/workspace_v9/esp8266_tm4c123/src/sysbios/sysbios.am4fg(knl_Queue.o)
                0x0000000000000d7c                ti_sysbios_knl_Queue_enqueue__E
 .text.ti_sysbios_knl_Queue_head__E
                0x0000000000000d88        0x4 /home/satish/workspace_v9/esp8266_tm4c123/src/sysbios/sysbios.am4fg(knl_Queue.o)
                0x0000000000000d88                ti_sysbios_knl_Queue_head__E
 .text.ti_sysbios_knl_Queue_elemClear__E
                0x0000000000000d8c        0x8 /home/satish/workspace_v9/esp8266_tm4c123/src/sysbios/sysbios.am4fg(knl_Queue.o)
                0x0000000000000d8c                ti_sysbios_knl_Queue_elemClear__E
 .text.ti_sysbios_knl_Queue_insert__E
                0x0000000000000d94        0xc /home/satish/workspace_v9/esp8266_tm4c123/src/sysbios/sysbios.am4fg(knl_Queue.o)
                0x0000000000000d94                ti_sysbios_knl_Queue_insert__E
 .text.ti_sysbios_knl_Queue_next__E
                0x0000000000000da0        0x4 /home/satish/workspace_v9/esp8266_tm4c123/src/sysbios/sysbios.am4fg(knl_Queue.o)
                0x0000000000000da0                ti_sysbios_knl_Queue_next__E
 .text.ti_sysbios_knl_Queue_prev__E
                0x0000000000000da4        0x4 /home/satish/workspace_v9/esp8266_tm4c123/src/sysbios/sysbios.am4fg(knl_Queue.o)
                0x0000000000000da4                ti_sysbios_knl_Queue_prev__E
 .text.ti_sysbios_knl_Queue_put__E
                0x0000000000000da8       0x1c /home/satish/workspace_v9/esp8266_tm4c123/src/sysbios/sysbios.am4fg(knl_Queue.o)
                0x0000000000000da8                ti_sysbios_knl_Queue_put__E
 .text.ti_sysbios_knl_Queue_remove__E
                0x0000000000000dc4       0x10 /home/satish/workspace_v9/esp8266_tm4c123/src/sysbios/sysbios.am4fg(knl_Queue.o)
                0x0000000000000dc4                ti_sysbios_knl_Queue_remove__E
 .text.ti_sysbios_knl_Semaphore_pendTimeout__I
                0x0000000000000dd4       0x30 /home/satish/workspace_v9/esp8266_tm4c123/src/sysbios/sysbios.am4fg(knl_Semaphore.o)
                0x0000000000000dd4                ti_sysbios_knl_Semaphore_pendTimeout(int0_t)
 .text.ti_sysbios_knl_Semaphore_Instance_init__E
                0x0000000000000e04       0x94 /home/satish/workspace_v9/esp8266_tm4c123/src/sysbios/sysbios.am4fg(knl_Semaphore.o)
                0x0000000000000e04                ti_sysbios_knl_Semaphore_Instance_init__E
 .text.ti_sysbios_knl_Semaphore_Instance_finalize__E
                0x0000000000000e98       0x10 /home/satish/workspace_v9/esp8266_tm4c123/src/sysbios/sysbios.am4fg(knl_Semaphore.o)
                0x0000000000000e98                ti_sysbios_knl_Semaphore_Instance_finalize__E
 .text.ti_sysbios_knl_Semaphore_pend__E
                0x0000000000000ea8      0x2f0 /home/satish/workspace_v9/esp8266_tm4c123/src/sysbios/sysbios.am4fg(knl_Semaphore.o)
                0x0000000000000ea8                ti_sysbios_knl_Semaphore_pend__E
 .text.ti_sysbios_knl_Semaphore_post__E
                0x0000000000001198      0x124 /home/satish/workspace_v9/esp8266_tm4c123/src/sysbios/sysbios.am4fg(knl_Semaphore.o)
                0x0000000000001198                ti_sysbios_knl_Semaphore_post__E
 .text.ti_sysbios_knl_Swi_runLoop__I
                0x00000000000012bc      0x178 /home/satish/workspace_v9/esp8266_tm4c123/src/sysbios/sysbios.am4fg(knl_Swi.o)
                0x00000000000012bc                ti_sysbios_knl_Swi_runLoop(int0_t)
 .text.ti_sysbios_knl_Swi_Module_startup__E
                0x0000000000001434       0x24 /home/satish/workspace_v9/esp8266_tm4c123/src/sysbios/sysbios.am4fg(knl_Swi.o)
                0x0000000000001434                ti_sysbios_knl_Swi_Module_startup__E
 .text.ti_sysbios_knl_Swi_startup__E
                0x0000000000001458       0x90 /home/satish/workspace_v9/esp8266_tm4c123/src/sysbios/sysbios.am4fg(knl_Swi.o)
                0x0000000000001458                ti_sysbios_knl_Swi_startup__E
 .text.ti_sysbios_knl_Swi_enabled__E
                0x00000000000014e8       0x10 /home/satish/workspace_v9/esp8266_tm4c123/src/sysbios/sysbios.am4fg(knl_Swi.o)
                0x00000000000014e8                ti_sysbios_knl_Swi_enabled__E
 .text.ti_sysbios_knl_Swi_disable__E
                0x00000000000014f8       0x18 /home/satish/workspace_v9/esp8266_tm4c123/src/sysbios/sysbios.am4fg(knl_Swi.o)
                0x00000000000014f8                ti_sysbios_knl_Swi_disable__E
 .text.ti_sysbios_knl_Swi_restoreHwi__E
                0x0000000000001510      0x1ac /home/satish/workspace_v9/esp8266_tm4c123/src/sysbios/sysbios.am4fg(knl_Swi.o)
                0x0000000000001510                ti_sysbios_knl_Swi_restoreHwi__E
 .text.ti_sysbios_knl_Swi_self__E
                0x00000000000016bc        0xc /home/satish/workspace_v9/esp8266_tm4c123/src/sysbios/sysbios.am4fg(knl_Swi.o)
                0x00000000000016bc                ti_sysbios_knl_Swi_self__E
 .text.ti_sysbios_knl_Swi_post__E
                0x00000000000016c8      0x114 /home/satish/workspace_v9/esp8266_tm4c123/src/sysbios/sysbios.am4fg(knl_Swi.o)
                0x00000000000016c8                ti_sysbios_knl_Swi_post__E
 .text.ti_sysbios_knl_Task_sleepTimeout__I
                0x00000000000017dc       0xb8 /home/satish/workspace_v9/esp8266_tm4c123/src/sysbios/sysbios.am4fg(knl_Task.o)
                0x00000000000017dc                ti_sysbios_knl_Task_sleepTimeout(int0_t)
 .text.ti_sysbios_knl_Task_schedule__I
                0x0000000000001894      0x200 /home/satish/workspace_v9/esp8266_tm4c123/src/sysbios/sysbios.am4fg(knl_Task.o)
                0x0000000000001894                ti_sysbios_knl_Task_schedule(int0_t)
 .text.ti_sysbios_knl_Task_enter__I
                0x0000000000001a94       0x28 /home/satish/workspace_v9/esp8266_tm4c123/src/sysbios/sysbios.am4fg(knl_Task.o)
                0x0000000000001a94                ti_sysbios_knl_Task_enter(int0_t)
 .text.ti_sysbios_knl_Task_startCore__E
                0x0000000000001abc      0x130 /home/satish/workspace_v9/esp8266_tm4c123/src/sysbios/sysbios.am4fg(knl_Task.o)
                0x0000000000001abc                ti_sysbios_knl_Task_startCore__E
 .text.ti_sysbios_knl_Task_startup__E
                0x0000000000001bec        0x8 /home/satish/workspace_v9/esp8266_tm4c123/src/sysbios/sysbios.am4fg(knl_Task.o)
                0x0000000000001bec                ti_sysbios_knl_Task_startup__E
 .text.ti_sysbios_knl_Task_enabled__E
                0x0000000000001bf4       0x20 /home/satish/workspace_v9/esp8266_tm4c123/src/sysbios/sysbios.am4fg(knl_Task.o)
                0x0000000000001bf4                ti_sysbios_knl_Task_enabled__E
 .text.ti_sysbios_knl_Task_disable__E
                0x0000000000001c14       0x18 /home/satish/workspace_v9/esp8266_tm4c123/src/sysbios/sysbios.am4fg(knl_Task.o)
                0x0000000000001c14                ti_sysbios_knl_Task_disable__E
 .text.ti_sysbios_knl_Task_restore__E
                0x0000000000001c2c       0x44 /home/satish/workspace_v9/esp8266_tm4c123/src/sysbios/sysbios.am4fg(knl_Task.o)
                0x0000000000001c2c                ti_sysbios_knl_Task_restore__E
 .text.ti_sysbios_knl_Task_restoreHwi__E
                0x0000000000001c70       0x2c /home/satish/workspace_v9/esp8266_tm4c123/src/sysbios/sysbios.am4fg(knl_Task.o)
                0x0000000000001c70                ti_sysbios_knl_Task_restoreHwi__E
 .text.ti_sysbios_knl_Task_self__E
                0x0000000000001c9c        0xc /home/satish/workspace_v9/esp8266_tm4c123/src/sysbios/sysbios.am4fg(knl_Task.o)
                0x0000000000001c9c                ti_sysbios_knl_Task_self__E
 .text.ti_sysbios_knl_Task_Instance_finalize__E
                0x0000000000001ca8      0x2e8 /home/satish/workspace_v9/esp8266_tm4c123/src/sysbios/sysbios.am4fg(knl_Task.o)
                0x0000000000001ca8                ti_sysbios_knl_Task_Instance_finalize__E
 .text.ti_sysbios_knl_Task_getHookContext__E
                0x0000000000001f90        0x8 /home/satish/workspace_v9/esp8266_tm4c123/src/sysbios/sysbios.am4fg(knl_Task.o)
                0x0000000000001f90                ti_sysbios_knl_Task_getHookContext__E
 .text.ti_sysbios_knl_Task_setHookContext__E
                0x0000000000001f98        0x8 /home/satish/workspace_v9/esp8266_tm4c123/src/sysbios/sysbios.am4fg(knl_Task.o)
                0x0000000000001f98                ti_sysbios_knl_Task_setHookContext__E
 .text.ti_sysbios_knl_Task_getPri__E
                0x0000000000001fa0        0x4 /home/satish/workspace_v9/esp8266_tm4c123/src/sysbios/sysbios.am4fg(knl_Task.o)
                0x0000000000001fa0                ti_sysbios_knl_Task_getPri__E
 .text.ti_sysbios_knl_Task_blockI__E
                0x0000000000001fa4       0xb0 /home/satish/workspace_v9/esp8266_tm4c123/src/sysbios/sysbios.am4fg(knl_Task.o)
                0x0000000000001fa4                ti_sysbios_knl_Task_blockI__E
 .text.ti_sysbios_knl_Task_exit__E
                0x0000000000002054      0x124 /home/satish/workspace_v9/esp8266_tm4c123/src/sysbios/sysbios.am4fg(knl_Task.o)
                0x0000000000002054                ti_sysbios_knl_Task_exit__E
 .text.ti_sysbios_knl_Task_sleep__E
                0x0000000000002178      0x1fc /home/satish/workspace_v9/esp8266_tm4c123/src/sysbios/sysbios.am4fg(knl_Task.o)
                0x0000000000002178                ti_sysbios_knl_Task_sleep__E
 .text.ti_sysbios_knl_Task_unblockI__E
                0x0000000000002374       0xac /home/satish/workspace_v9/esp8266_tm4c123/src/sysbios/sysbios.am4fg(knl_Task.o)
                0x0000000000002374                ti_sysbios_knl_Task_unblockI__E
 .text.ti_sysbios_knl_Task_postInit__I
                0x0000000000002420      0x138 /home/satish/workspace_v9/esp8266_tm4c123/src/sysbios/sysbios.am4fg(knl_Task.o)
                0x0000000000002420                ti_sysbios_knl_Task_postInit(int0_t)
 .text.ti_sysbios_knl_Task_Module_startup__E
                0x0000000000002558       0x74 /home/satish/workspace_v9/esp8266_tm4c123/src/sysbios/sysbios.am4fg(knl_Task.o)
                0x0000000000002558                ti_sysbios_knl_Task_Module_startup__E
 .text.ti_sysbios_knl_Task_Instance_init__E
                0x00000000000025cc      0x1ec /home/satish/workspace_v9/esp8266_tm4c123/src/sysbios/sysbios.am4fg(knl_Task.o)
                0x00000000000025cc                ti_sysbios_knl_Task_Instance_init__E
 .text.ti_sysbios_hal_Hwi_Module_startup__E
                0x00000000000027b8       0x10 /home/satish/workspace_v9/esp8266_tm4c123/src/sysbios/sysbios.am4fg(hal_Hwi.o)
                0x00000000000027b8                ti_sysbios_hal_Hwi_Module_startup__E
 .text.ti_sysbios_hal_Hwi_getStackInfo__E
                0x00000000000027c8        0x4 /home/satish/workspace_v9/esp8266_tm4c123/src/sysbios/sysbios.am4fg(hal_Hwi.o)
                0x00000000000027c8                ti_sysbios_hal_Hwi_getStackInfo__E
 .text.ti_sysbios_hal_Hwi_switchFromBootStack__E
                0x00000000000027cc        0x4 /home/satish/workspace_v9/esp8266_tm4c123/src/sysbios/sysbios.am4fg(hal_Hwi.o)
                0x00000000000027cc                ti_sysbios_hal_Hwi_switchFromBootStack__E
 .text.ti_sysbios_hal_Hwi_initStack
                0x00000000000027d0       0x24 /home/satish/workspace_v9/esp8266_tm4c123/src/sysbios/sysbios.am4fg(hal_Hwi_stack.o)
                0x00000000000027d0                ti_sysbios_hal_Hwi_initStack
 .text.ti_sysbios_hal_Hwi_checkStack
                0x00000000000027f4       0x34 /home/satish/workspace_v9/esp8266_tm4c123/src/sysbios/sysbios.am4fg(hal_Hwi_stack.o)
                0x00000000000027f4                ti_sysbios_hal_Hwi_checkStack
 .text.ti_sysbios_hal_Hwi_startup__E
                0x0000000000002828        0x4 /home/satish/workspace_v9/esp8266_tm4c123/src/sysbios/sysbios.am4fg(hal_Hwi_startup.o)
                0x0000000000002828                ti_sysbios_hal_Hwi_startup__E
 .text.ti_sysbios_family_arm_m3_Hwi_Module_startup__E
                0x000000000000282c      0x134 /home/satish/workspace_v9/esp8266_tm4c123/src/sysbios/sysbios.am4fg(m3_Hwi.o)
                0x000000000000282c                ti_sysbios_family_arm_m3_Hwi_Module_startup__E
 .text.ti_sysbios_family_arm_m3_Hwi_initNVIC__E
                0x0000000000002960       0xb8 /home/satish/workspace_v9/esp8266_tm4c123/src/sysbios/sysbios.am4fg(m3_Hwi.o)
                0x0000000000002960                ti_sysbios_family_arm_m3_Hwi_initNVIC__E
 .text.ti_sysbios_family_arm_m3_Hwi_startup__E
                0x0000000000002a18       0x10 /home/satish/workspace_v9/esp8266_tm4c123/src/sysbios/sysbios.am4fg(m3_Hwi.o)
                0x0000000000002a18                ti_sysbios_family_arm_m3_Hwi_startup__E
 .text.ti_sysbios_family_arm_m3_Hwi_disableInterrupt__E
                0x0000000000002a28       0x50 /home/satish/workspace_v9/esp8266_tm4c123/src/sysbios/sysbios.am4fg(m3_Hwi.o)
                0x0000000000002a28                ti_sysbios_family_arm_m3_Hwi_disableInterrupt__E
 .text.ti_sysbios_family_arm_m3_Hwi_enableInterrupt__E
                0x0000000000002a78       0x4c /home/satish/workspace_v9/esp8266_tm4c123/src/sysbios/sysbios.am4fg(m3_Hwi.o)
                0x0000000000002a78                ti_sysbios_family_arm_m3_Hwi_enableInterrupt__E
 .text.ti_sysbios_family_arm_m3_Hwi_clearInterrupt__E
                0x0000000000002ac4       0x20 /home/satish/workspace_v9/esp8266_tm4c123/src/sysbios/sysbios.am4fg(m3_Hwi.o)
                0x0000000000002ac4                ti_sysbios_family_arm_m3_Hwi_clearInterrupt__E
 .text.ti_sysbios_family_arm_m3_Hwi_switchFromBootStack__E
                0x0000000000002ae4       0x1c /home/satish/workspace_v9/esp8266_tm4c123/src/sysbios/sysbios.am4fg(m3_Hwi.o)
                0x0000000000002ae4                ti_sysbios_family_arm_m3_Hwi_switchFromBootStack__E
 .text.ti_sysbios_family_arm_m3_Hwi_getStackInfo__E
                0x0000000000002b00       0x44 /home/satish/workspace_v9/esp8266_tm4c123/src/sysbios/sysbios.am4fg(m3_Hwi.o)
                0x0000000000002b00                ti_sysbios_family_arm_m3_Hwi_getStackInfo__E
 .text.ti_sysbios_family_arm_m3_Hwi_excHandler__I
                0x0000000000002b44       0x24 /home/satish/workspace_v9/esp8266_tm4c123/src/sysbios/sysbios.am4fg(m3_Hwi.o)
                0x0000000000002b44                ti_sysbios_family_arm_m3_Hwi_excHandler(int0_t)
 .text.ti_sysbios_family_arm_m3_Hwi_excUsageFault__I
                0x0000000000002b68       0xb8 /home/satish/workspace_v9/esp8266_tm4c123/src/sysbios/sysbios.am4fg(m3_Hwi.o)
                0x0000000000002b68                ti_sysbios_family_arm_m3_Hwi_excUsageFault(int0_t)
 .text.ti_sysbios_family_arm_m3_Hwi_excHardFault__I
                0x0000000000002c20      0x220 /home/satish/workspace_v9/esp8266_tm4c123/src/sysbios/sysbios.am4fg(m3_Hwi.o)
                0x0000000000002c20                ti_sysbios_family_arm_m3_Hwi_excHardFault(int0_t)
 .text.ti_sysbios_family_arm_m3_Hwi_excDumpRegs__I
                0x0000000000002e40      0x1e4 /home/satish/workspace_v9/esp8266_tm4c123/src/sysbios/sysbios.am4fg(m3_Hwi.o)
                0x0000000000002e40                ti_sysbios_family_arm_m3_Hwi_excDumpRegs(int0_t)
 .text.ti_sysbios_family_arm_m3_Hwi_excHandlerMax__I
                0x0000000000003024      0x4a4 /home/satish/workspace_v9/esp8266_tm4c123/src/sysbios/sysbios.am4fg(m3_Hwi.o)
                0x0000000000003024                ti_sysbios_family_arm_m3_Hwi_excHandlerMax(int0_t)
 .text.ti_sysbios_family_arm_m3_Hwi_dispatchC__I
                0x00000000000034c8      0x124 /home/satish/workspace_v9/esp8266_tm4c123/src/sysbios/sysbios.am4fg(m3_Hwi.o)
                0x00000000000034c8                ti_sysbios_family_arm_m3_Hwi_dispatchC(int0_t)
 .text.ti_sysbios_family_arm_m3_Hwi_doSwiRestore__I
                0x00000000000035ec        0x8 /home/satish/workspace_v9/esp8266_tm4c123/src/sysbios/sysbios.am4fg(m3_Hwi.o)
                0x00000000000035ec                ti_sysbios_family_arm_m3_Hwi_doSwiRestore(int0_t)
 .text.ti_sysbios_family_arm_m3_Hwi_doTaskRestore__I
                0x00000000000035f4        0x8 /home/satish/workspace_v9/esp8266_tm4c123/src/sysbios/sysbios.am4fg(m3_Hwi.o)
                0x00000000000035f4                ti_sysbios_family_arm_m3_Hwi_doTaskRestore(int0_t)
 .text.ti_sysbios_family_arm_m3_TaskSupport_start__E
                0x00000000000035fc       0x80 /home/satish/workspace_v9/esp8266_tm4c123/src/sysbios/sysbios.am4fg(m3_TaskSupport.o)
                0x00000000000035fc                ti_sysbios_family_arm_m3_TaskSupport_start__E
 .text.ti_sysbios_family_arm_m3_TaskSupport_checkStack__E
                0x000000000000367c       0x10 /home/satish/workspace_v9/esp8266_tm4c123/src/sysbios/sysbios.am4fg(m3_TaskSupport.o)
                0x000000000000367c                ti_sysbios_family_arm_m3_TaskSupport_checkStack__E
 .text.ti_sysbios_family_arm_m3_TaskSupport_getStackAlignment__E
                0x000000000000368c        0xc /home/satish/workspace_v9/esp8266_tm4c123/src/sysbios/sysbios.am4fg(m3_TaskSupport.o)
                0x000000000000368c                ti_sysbios_family_arm_m3_TaskSupport_getStackAlignment__E
 .text.ti_sysbios_rts_gnu_ReentSupport_Module_startup__E
                0x0000000000003698       0x28 /home/satish/workspace_v9/esp8266_tm4c123/src/sysbios/sysbios.am4fg(gnu_ReentSupport.o)
                0x0000000000003698                ti_sysbios_rts_gnu_ReentSupport_Module_startup__E
 .text.ti_sysbios_rts_gnu_ReentSupport_taskRegHook__I
                0x00000000000036c0        0xc /home/satish/workspace_v9/esp8266_tm4c123/src/sysbios/sysbios.am4fg(gnu_ReentSupport.o)
                0x00000000000036c0                ti_sysbios_rts_gnu_ReentSupport_taskRegHook(int0_t)
 .text.ti_sysbios_rts_gnu_ReentSupport_taskDeleteHook__I
                0x00000000000036cc       0x44 /home/satish/workspace_v9/esp8266_tm4c123/src/sysbios/sysbios.am4fg(gnu_ReentSupport.o)
                0x00000000000036cc                ti_sysbios_rts_gnu_ReentSupport_taskDeleteHook(int0_t)
 .text.ti_sysbios_rts_gnu_ReentSupport_getReent__I
                0x0000000000003710       0xec /home/satish/workspace_v9/esp8266_tm4c123/src/sysbios/sysbios.am4fg(gnu_ReentSupport.o)
                0x0000000000003710                ti_sysbios_rts_gnu_ReentSupport_getReent(int0_t)
 .text.ti_sysbios_gates_GateHwi_Instance_init__E
                0x00000000000037fc        0x4 /home/satish/workspace_v9/esp8266_tm4c123/src/sysbios/sysbios.am4fg(gates_GateHwi.o)
                0x00000000000037fc                ti_sysbios_gates_GateHwi_Instance_init__E
 .text.ti_sysbios_gates_GateHwi_enter__E
                0x0000000000003800        0xc /home/satish/workspace_v9/esp8266_tm4c123/src/sysbios/sysbios.am4fg(gates_GateHwi.o)
                0x0000000000003800                ti_sysbios_gates_GateHwi_enter__E
 .text.ti_sysbios_gates_GateHwi_leave__E
                0x000000000000380c        0x8 /home/satish/workspace_v9/esp8266_tm4c123/src/sysbios/sysbios.am4fg(gates_GateHwi.o)
                0x000000000000380c                ti_sysbios_gates_GateHwi_leave__E
 .text.ti_sysbios_gates_GateHwi_query__E
                0x0000000000003814        0x4 /home/satish/workspace_v9/esp8266_tm4c123/src/sysbios/sysbios.am4fg(gates_GateHwi.o)
                0x0000000000003814                ti_sysbios_gates_GateHwi_query__E
 .text.ti_sysbios_gates_GateMutex_Instance_init__E
                0x0000000000003818       0x1c /home/satish/workspace_v9/esp8266_tm4c123/src/sysbios/sysbios.am4fg(gates_GateMutex.o)
                0x0000000000003818                ti_sysbios_gates_GateMutex_Instance_init__E
 .text.ti_sysbios_gates_GateMutex_Instance_finalize__E
                0x0000000000003834       0x10 /home/satish/workspace_v9/esp8266_tm4c123/src/sysbios/sysbios.am4fg(gates_GateMutex.o)
                0x0000000000003834                ti_sysbios_gates_GateMutex_Instance_finalize__E
 .text.ti_sysbios_gates_GateMutex_enter__E
                0x0000000000003844       0xac /home/satish/workspace_v9/esp8266_tm4c123/src/sysbios/sysbios.am4fg(gates_GateMutex.o)
                0x0000000000003844                ti_sysbios_gates_GateMutex_enter__E
 .text.ti_sysbios_gates_GateMutex_leave__E
                0x00000000000038f0       0x14 /home/satish/workspace_v9/esp8266_tm4c123/src/sysbios/sysbios.am4fg(gates_GateMutex.o)
                0x00000000000038f0                ti_sysbios_gates_GateMutex_leave__E
 .text.ti_sysbios_gates_GateMutex_query__E
                0x0000000000003904        0x4 /home/satish/workspace_v9/esp8266_tm4c123/src/sysbios/sysbios.am4fg(gates_GateMutex.o)
                0x0000000000003904                ti_sysbios_gates_GateMutex_query__E
 .text.ti_sysbios_heaps_HeapMem_init__I
                0x0000000000003908       0x38 /home/satish/workspace_v9/esp8266_tm4c123/src/sysbios/sysbios.am4fg(heaps_HeapMem.o)
                0x0000000000003908                ti_sysbios_heaps_HeapMem_init(int0_t)
 .text.ti_sysbios_heaps_HeapMem_Instance_init__E
                0x0000000000003940      0x11c /home/satish/workspace_v9/esp8266_tm4c123/src/sysbios/sysbios.am4fg(heaps_HeapMem.o)
                0x0000000000003940                ti_sysbios_heaps_HeapMem_Instance_init__E
 .text.ti_sysbios_heaps_HeapMem_allocUnprotected__E
                0x0000000000003a5c      0x30c /home/satish/workspace_v9/esp8266_tm4c123/src/sysbios/sysbios.am4fg(heaps_HeapMem.o)
                0x0000000000003a5c                ti_sysbios_heaps_HeapMem_allocUnprotected__E
 .text.ti_sysbios_heaps_HeapMem_alloc__E
                0x0000000000003d68       0x64 /home/satish/workspace_v9/esp8266_tm4c123/src/sysbios/sysbios.am4fg(heaps_HeapMem.o)
                0x0000000000003d68                ti_sysbios_heaps_HeapMem_alloc__E
 .text.ti_sysbios_heaps_HeapMem_free__E
                0x0000000000003dcc      0x2bc /home/satish/workspace_v9/esp8266_tm4c123/src/sysbios/sysbios.am4fg(heaps_HeapMem.o)
                0x0000000000003dcc                ti_sysbios_heaps_HeapMem_free__E
 .text.ti_sysbios_heaps_HeapMem_isBlocking__E
                0x0000000000004088        0x8 /home/satish/workspace_v9/esp8266_tm4c123/src/sysbios/sysbios.am4fg(heaps_HeapMem.o)
                0x0000000000004088                ti_sysbios_heaps_HeapMem_isBlocking__E
 .text.ti_sysbios_heaps_HeapMem_getStats__E
                0x0000000000004090       0x54 /home/satish/workspace_v9/esp8266_tm4c123/src/sysbios/sysbios.am4fg(heaps_HeapMem.o)
                0x0000000000004090                ti_sysbios_heaps_HeapMem_getStats__E
 .text.ti_sysbios_family_arm_lm4_TimestampProvider_Module_startup__E
                0x00000000000040e4        0x8 /home/satish/workspace_v9/esp8266_tm4c123/src/sysbios/sysbios.am4fg(lm4_TimestampProvider.o)
                0x00000000000040e4                ti_sysbios_family_arm_lm4_TimestampProvider_Module_startup__E
 .text.ti_sysbios_family_arm_lm4_TimestampProvider_startTimer__E
                0x00000000000040ec        0xc /home/satish/workspace_v9/esp8266_tm4c123/src/sysbios/sysbios.am4fg(lm4_TimestampProvider.o)
                0x00000000000040ec                ti_sysbios_family_arm_lm4_TimestampProvider_startTimer__E
 .text.ti_sysbios_family_arm_lm4_TimestampProvider_rolloverFunc__E
                0x00000000000040f8       0x10 /home/satish/workspace_v9/esp8266_tm4c123/src/sysbios/sysbios.am4fg(lm4_TimestampProvider.o)
                0x00000000000040f8                ti_sysbios_family_arm_lm4_TimestampProvider_rolloverFunc__E
 .text.ti_sysbios_family_arm_lm4_TimestampProvider_get64__E
                0x0000000000004108       0x68 /home/satish/workspace_v9/esp8266_tm4c123/src/sysbios/sysbios.am4fg(lm4_TimestampProvider.o)
                0x0000000000004108                ti_sysbios_family_arm_lm4_TimestampProvider_get64__E
 .text.ti_sysbios_family_arm_lm4_Timer_getMaxTicks__E
                0x0000000000004170        0xc /home/satish/workspace_v9/esp8266_tm4c123/src/sysbios/sysbios.am4fg(lm4_Timer.o)
                0x0000000000004170                ti_sysbios_family_arm_lm4_Timer_getMaxTicks__E
 .text.ti_sysbios_family_arm_lm4_Timer_getPeriod__E
                0x000000000000417c        0x4 /home/satish/workspace_v9/esp8266_tm4c123/src/sysbios/sysbios.am4fg(lm4_Timer.o)
                0x000000000000417c                ti_sysbios_family_arm_lm4_Timer_getPeriod__E
 .text.ti_sysbios_family_arm_lm4_Timer_getExpiredCounts64__E
                0x0000000000004180       0xa8 /home/satish/workspace_v9/esp8266_tm4c123/src/sysbios/sysbios.am4fg(lm4_Timer.o)
                0x0000000000004180                ti_sysbios_family_arm_lm4_Timer_getExpiredCounts64__E
 .text.ti_sysbios_family_arm_lm4_Timer_getExpiredCounts__E
                0x0000000000004228       0x80 /home/satish/workspace_v9/esp8266_tm4c123/src/sysbios/sysbios.am4fg(lm4_Timer.o)
                0x0000000000004228                ti_sysbios_family_arm_lm4_Timer_getExpiredCounts__E
 .text.ti_sysbios_family_arm_lm4_Timer_masterDisable__I
                0x00000000000042a8        0x8 /home/satish/workspace_v9/esp8266_tm4c123/src/sysbios/sysbios.am4fg(lm4_Timer.o)
                0x00000000000042a8                ti_sysbios_family_arm_lm4_Timer_masterDisable(int0_t)
 .text.ti_sysbios_family_arm_lm4_Timer_masterEnable__I
                0x00000000000042b0        0x4 /home/satish/workspace_v9/esp8266_tm4c123/src/sysbios/sysbios.am4fg(lm4_Timer.o)
                0x00000000000042b0                ti_sysbios_family_arm_lm4_Timer_masterEnable(int0_t)
 .text.ti_sysbios_family_arm_lm4_Timer_enableTimers__I
                0x00000000000042b4       0xa0 /home/satish/workspace_v9/esp8266_tm4c123/src/sysbios/sysbios.am4fg(lm4_Timer.o)
                0x00000000000042b4                ti_sysbios_family_arm_lm4_Timer_enableTimers(int0_t)
 .text.ti_sysbios_family_arm_lm4_Timer_isrStub__E
                0x0000000000004354       0x88 /home/satish/workspace_v9/esp8266_tm4c123/src/sysbios/sysbios.am4fg(lm4_Timer.o)
                0x0000000000004354                ti_sysbios_family_arm_lm4_Timer_isrStub__E
 .text.ti_sysbios_family_arm_lm4_Timer_Module_startup__E
                0x00000000000043dc       0xa8 /home/satish/workspace_v9/esp8266_tm4c123/src/sysbios/sysbios.am4fg(lm4_Timer.o)
                0x00000000000043dc                ti_sysbios_family_arm_lm4_Timer_Module_startup__E
 .text.ti_sysbios_family_arm_lm4_Timer_start__E
                0x0000000000004484      0x22c /home/satish/workspace_v9/esp8266_tm4c123/src/sysbios/sysbios.am4fg(lm4_Timer.o)
                0x0000000000004484                ti_sysbios_family_arm_lm4_Timer_start__E
 .text.ti_sysbios_family_arm_lm4_Timer_startup__E
                0x00000000000046b0       0x40 /home/satish/workspace_v9/esp8266_tm4c123/src/sysbios/sysbios.am4fg(lm4_Timer.o)
                0x00000000000046b0                ti_sysbios_family_arm_lm4_Timer_startup__E
 .text.ti_sysbios_family_arm_lm4_Timer_enableTiva__I
                0x00000000000046f0       0xb4 /home/satish/workspace_v9/esp8266_tm4c123/src/sysbios/sysbios.am4fg(lm4_Timer.o)
                0x00000000000046f0                ti_sysbios_family_arm_lm4_Timer_enableTiva(int0_t)
 .text.ti_catalog_arm_cortexm4_tiva_ce_Boot_sysCtlClockSet__E
                0x00000000000047a4       0x94 /home/satish/ti/bios_6_76_02_02/packages/ti/catalog/arm/cortexm4/tiva/ce/lib/Boot.am4fg(Boot.om4fg)
                0x00000000000047a4                ti_catalog_arm_cortexm4_tiva_ce_Boot_sysCtlClockSet__E
 .text.ti_catalog_arm_cortexm4_tiva_ce_Boot_sysCtlDelayI__I
                0x0000000000004838        0x8 /home/satish/ti/bios_6_76_02_02/packages/ti/catalog/arm/cortexm4/tiva/ce/lib/Boot.am4fg(Boot_sysctl.om4fg)
                0x0000000000004838                ti_catalog_arm_cortexm4_tiva_ce_Boot_sysCtlDelayI(int0_t)
 .text.ti_catalog_arm_cortexm4_tiva_ce_Boot_sysCtlClockSetI__I
                0x0000000000004840      0x12c /home/satish/ti/bios_6_76_02_02/packages/ti/catalog/arm/cortexm4/tiva/ce/lib/Boot.am4fg(Boot_sysctl.om4fg)
                0x0000000000004840                ti_catalog_arm_cortexm4_tiva_ce_Boot_sysCtlClockSetI(int0_t)
 .text.xdc_runtime_Assert_raise__I
                0x000000000000496c       0x58 /home/satish/ti/bios_6_76_02_02/packages/gnu/targets/arm/rtsv7M/lib/gnu.targets.arm.rtsv7M.am4fg(Assert.om4fg)
                0x000000000000496c                xdc_runtime_Assert_raise(int0_t)
 .text.xdc_runtime_Core_createObject__I
                0x00000000000049c4       0xc8 /home/satish/ti/bios_6_76_02_02/packages/gnu/targets/arm/rtsv7M/lib/gnu.targets.arm.rtsv7M.am4fg(Core-mem.om4fg)
                0x00000000000049c4                xdc_runtime_Core_createObject(int0_t)
 .text.xdc_runtime_Core_deleteObject__I
                0x0000000000004a8c       0x70 /home/satish/ti/bios_6_76_02_02/packages/gnu/targets/arm/rtsv7M/lib/gnu.targets.arm.rtsv7M.am4fg(Core-mem.om4fg)
                0x0000000000004a8c                xdc_runtime_Core_deleteObject(int0_t)
 .text.xdc_runtime_Core_constructObject__I
                0x0000000000004afc       0xac /home/satish/ti/bios_6_76_02_02/packages/gnu/targets/arm/rtsv7M/lib/gnu.targets.arm.rtsv7M.am4fg(Core-smem.om4fg)
                0x0000000000004afc                xdc_runtime_Core_constructObject(int0_t)
 .text.xdc_runtime_Core_assignParams__I
                0x0000000000004ba8       0x40 /home/satish/ti/bios_6_76_02_02/packages/gnu/targets/arm/rtsv7M/lib/gnu.targets.arm.rtsv7M.am4fg(Core-params.om4fg)
                0x0000000000004ba8                xdc_runtime_Core_assignParams(int0_t)
 .text.xdc_runtime_Error_init__E
                0x0000000000004be8       0x18 /home/satish/ti/bios_6_76_02_02/packages/gnu/targets/arm/rtsv7M/lib/gnu.targets.arm.rtsv7M.am4fg(Error.om4fg)
                0x0000000000004be8                xdc_runtime_Error_init__E
 .text.xdc_runtime_Error_check__E
                0x0000000000004c00       0x20 /home/satish/ti/bios_6_76_02_02/packages/gnu/targets/arm/rtsv7M/lib/gnu.targets.arm.rtsv7M.am4fg(Error.om4fg)
                0x0000000000004c00                xdc_runtime_Error_check__E
 .text.xdc_runtime_Error_print__E
                0x0000000000004c20       0x58 /home/satish/ti/bios_6_76_02_02/packages/gnu/targets/arm/rtsv7M/lib/gnu.targets.arm.rtsv7M.am4fg(Error.om4fg)
                0x0000000000004c20                xdc_runtime_Error_print__E
 .text.xdc_runtime_Error_raiseX__E
                0x0000000000004c78       0x10 /home/satish/ti/bios_6_76_02_02/packages/gnu/targets/arm/rtsv7M/lib/gnu.targets.arm.rtsv7M.am4fg(Error.om4fg)
                0x0000000000004c78                xdc_runtime_Error_raiseX__E
 .text.xdc_runtime_Error_setX__E
                0x0000000000004c88       0x54 /home/satish/ti/bios_6_76_02_02/packages/gnu/targets/arm/rtsv7M/lib/gnu.targets.arm.rtsv7M.am4fg(Error.om4fg)
                0x0000000000004c88                xdc_runtime_Error_setX__E
 .text.xdc_runtime_Error_policyDefault__E
                0x0000000000004cdc       0xf4 /home/satish/ti/bios_6_76_02_02/packages/gnu/targets/arm/rtsv7M/lib/gnu.targets.arm.rtsv7M.am4fg(Error.om4fg)
                0x0000000000004cdc                xdc_runtime_Error_policyDefault__E
 .text.xdc_runtime_Gate_enterSystem__E
                0x0000000000004dd0        0xc /home/satish/ti/bios_6_76_02_02/packages/gnu/targets/arm/rtsv7M/lib/gnu.targets.arm.rtsv7M.am4fg(Gate.om4fg)
                0x0000000000004dd0                xdc_runtime_Gate_enterSystem__E
 .text.xdc_runtime_Gate_leaveSystem__E
                0x0000000000004ddc       0x10 /home/satish/ti/bios_6_76_02_02/packages/gnu/targets/arm/rtsv7M/lib/gnu.targets.arm.rtsv7M.am4fg(Gate.om4fg)
                0x0000000000004ddc                xdc_runtime_Gate_leaveSystem__E
 .text.xdc_runtime_LoggerBuf_Module_startup__E
                0x0000000000004dec       0x40 /home/satish/ti/bios_6_76_02_02/packages/gnu/targets/arm/rtsv7M/lib/gnu.targets.arm.rtsv7M.am4fg(LoggerBuf.om4fg)
                0x0000000000004dec                xdc_runtime_LoggerBuf_Module_startup__E
 .text.xdc_runtime_LoggerBuf_Instance_init__E
                0x0000000000004e2c       0x4c /home/satish/ti/bios_6_76_02_02/packages/gnu/targets/arm/rtsv7M/lib/gnu.targets.arm.rtsv7M.am4fg(LoggerBuf.om4fg)
                0x0000000000004e2c                xdc_runtime_LoggerBuf_Instance_init__E
 .text.xdc_runtime_LoggerBuf_Instance_finalize__E
                0x0000000000004e78       0x10 /home/satish/ti/bios_6_76_02_02/packages/gnu/targets/arm/rtsv7M/lib/gnu.targets.arm.rtsv7M.am4fg(LoggerBuf.om4fg)
                0x0000000000004e78                xdc_runtime_LoggerBuf_Instance_finalize__E
 .text.xdc_runtime_LoggerBuf_enable__E
                0x0000000000004e88        0xc /home/satish/ti/bios_6_76_02_02/packages/gnu/targets/arm/rtsv7M/lib/gnu.targets.arm.rtsv7M.am4fg(LoggerBuf.om4fg)
                0x0000000000004e88                xdc_runtime_LoggerBuf_enable__E
 .text.xdc_runtime_LoggerBuf_disable__E
                0x0000000000004e94        0xc /home/satish/ti/bios_6_76_02_02/packages/gnu/targets/arm/rtsv7M/lib/gnu.targets.arm.rtsv7M.am4fg(LoggerBuf.om4fg)
                0x0000000000004e94                xdc_runtime_LoggerBuf_disable__E
 .text.xdc_runtime_LoggerBuf_setFilterLevel__E
                0x0000000000004ea0       0x7c /home/satish/ti/bios_6_76_02_02/packages/gnu/targets/arm/rtsv7M/lib/gnu.targets.arm.rtsv7M.am4fg(LoggerBuf.om4fg)
                0x0000000000004ea0                xdc_runtime_LoggerBuf_setFilterLevel__E
 .text.xdc_runtime_LoggerBuf_getFilterLevel__E
                0x0000000000004f1c       0x70 /home/satish/ti/bios_6_76_02_02/packages/gnu/targets/arm/rtsv7M/lib/gnu.targets.arm.rtsv7M.am4fg(LoggerBuf.om4fg)
                0x0000000000004f1c                xdc_runtime_LoggerBuf_getFilterLevel__E
 .text.xdc_runtime_LoggerBuf_filterOutEvent__I
                0x0000000000004f8c       0x44 /home/satish/ti/bios_6_76_02_02/packages/gnu/targets/arm/rtsv7M/lib/gnu.targets.arm.rtsv7M.am4fg(LoggerBuf.om4fg)
                0x0000000000004f8c                xdc_runtime_LoggerBuf_filterOutEvent(int0_t)
 .text.xdc_runtime_LoggerBuf_write4__E
                0x0000000000004fd0       0xe0 /home/satish/ti/bios_6_76_02_02/packages/gnu/targets/arm/rtsv7M/lib/gnu.targets.arm.rtsv7M.am4fg(LoggerBuf.om4fg)
                0x0000000000004fd0                xdc_runtime_LoggerBuf_write4__E
 .text.xdc_runtime_LoggerBuf_write0__E
                0x00000000000050b0       0x18 /home/satish/ti/bios_6_76_02_02/packages/gnu/targets/arm/rtsv7M/lib/gnu.targets.arm.rtsv7M.am4fg(LoggerBuf.om4fg)
                0x00000000000050b0                xdc_runtime_LoggerBuf_write0__E
 .text.xdc_runtime_LoggerBuf_write1__E
                0x00000000000050c8       0x14 /home/satish/ti/bios_6_76_02_02/packages/gnu/targets/arm/rtsv7M/lib/gnu.targets.arm.rtsv7M.am4fg(LoggerBuf.om4fg)
                0x00000000000050c8                xdc_runtime_LoggerBuf_write1__E
 .text.xdc_runtime_LoggerBuf_write2__E
                0x00000000000050dc       0x18 /home/satish/ti/bios_6_76_02_02/packages/gnu/targets/arm/rtsv7M/lib/gnu.targets.arm.rtsv7M.am4fg(LoggerBuf.om4fg)
                0x00000000000050dc                xdc_runtime_LoggerBuf_write2__E
 .text.xdc_runtime_LoggerBuf_write8__E
                0x00000000000050f4      0x19c /home/satish/ti/bios_6_76_02_02/packages/gnu/targets/arm/rtsv7M/lib/gnu.targets.arm.rtsv7M.am4fg(LoggerBuf.om4fg)
                0x00000000000050f4                xdc_runtime_LoggerBuf_write8__E
 .text.xdc_runtime_Memory_alloc__E
                0x0000000000005290       0x7c /home/satish/ti/bios_6_76_02_02/packages/gnu/targets/arm/rtsv7M/lib/gnu.targets.arm.rtsv7M.am4fg(Memory.om4fg)
                0x0000000000005290                xdc_runtime_Memory_alloc__E
 .text.xdc_runtime_Memory_free__E
                0x000000000000530c       0x14 /home/satish/ti/bios_6_76_02_02/packages/gnu/targets/arm/rtsv7M/lib/gnu.targets.arm.rtsv7M.am4fg(Memory.om4fg)
                0x000000000000530c                xdc_runtime_Memory_free__E
 .text.xdc_runtime_Memory_valloc__E
                0x0000000000005320       0x1c /home/satish/ti/bios_6_76_02_02/packages/gnu/targets/arm/rtsv7M/lib/gnu.targets.arm.rtsv7M.am4fg(Memory.om4fg)
                0x0000000000005320                xdc_runtime_Memory_valloc__E
 .text.xdc_runtime_Memory_calloc__E
                0x000000000000533c       0x14 /home/satish/ti/bios_6_76_02_02/packages/gnu/targets/arm/rtsv7M/lib/gnu.targets.arm.rtsv7M.am4fg(Memory.om4fg)
                0x000000000000533c                xdc_runtime_Memory_calloc__E
 .text.xdc_runtime_Startup_exec__E
                0x0000000000005350       0x5c /home/satish/ti/bios_6_76_02_02/packages/gnu/targets/arm/rtsv7M/lib/gnu.targets.arm.rtsv7M.am4fg(Startup.om4fg)
                0x0000000000005350                xdc_runtime_Startup_exec__E
 .text.xdc_runtime_Startup_rtsDone__E
                0x00000000000053ac        0xc /home/satish/ti/bios_6_76_02_02/packages/gnu/targets/arm/rtsv7M/lib/gnu.targets.arm.rtsv7M.am4fg(Startup.om4fg)
                0x00000000000053ac                xdc_runtime_Startup_rtsDone__E
 .text.xdc_runtime_Startup_startMods__I
                0x00000000000053b8       0xec /home/satish/ti/bios_6_76_02_02/packages/gnu/targets/arm/rtsv7M/lib/gnu.targets.arm.rtsv7M.am4fg(Startup.om4fg)
                0x00000000000053b8                xdc_runtime_Startup_startMods(int0_t)
 .text.xdc_runtime_System_Module_startup__E
                0x00000000000054a4        0x8 /home/satish/ti/bios_6_76_02_02/packages/gnu/targets/arm/rtsv7M/lib/gnu.targets.arm.rtsv7M.am4fg(System.om4fg)
                0x00000000000054a4                xdc_runtime_System_Module_startup__E
 .text.xdc_runtime_System_abort__E
                0x00000000000054ac       0x1c /home/satish/ti/bios_6_76_02_02/packages/gnu/targets/arm/rtsv7M/lib/gnu.targets.arm.rtsv7M.am4fg(System.om4fg)
                0x00000000000054ac                xdc_runtime_System_abort__E
 .text.xdc_runtime_System_atexit__E
                0x00000000000054c8       0x3c /home/satish/ti/bios_6_76_02_02/packages/gnu/targets/arm/rtsv7M/lib/gnu.targets.arm.rtsv7M.am4fg(System.om4fg)
                0x00000000000054c8                xdc_runtime_System_atexit__E
 .text.xdc_runtime_System_abortStd__E
                0x0000000000005504        0x8 /home/satish/ti/bios_6_76_02_02/packages/gnu/targets/arm/rtsv7M/lib/gnu.targets.arm.rtsv7M.am4fg(System.om4fg)
                0x0000000000005504                xdc_runtime_System_abortStd__E
 .text.xdc_runtime_System_exitStd__E
                0x000000000000550c        0x8 /home/satish/ti/bios_6_76_02_02/packages/gnu/targets/arm/rtsv7M/lib/gnu.targets.arm.rtsv7M.am4fg(System.om4fg)
                0x000000000000550c                xdc_runtime_System_exitStd__E
 .text.xdc_runtime_System_processAtExit__E
                0x0000000000005514       0x38 /home/satish/ti/bios_6_76_02_02/packages/gnu/targets/arm/rtsv7M/lib/gnu.targets.arm.rtsv7M.am4fg(System.om4fg)
                0x0000000000005514                xdc_runtime_System_processAtExit__E
 .text.xdc_runtime_System_exit__E
                0x000000000000554c       0x18 /home/satish/ti/bios_6_76_02_02/packages/gnu/targets/arm/rtsv7M/lib/gnu.targets.arm.rtsv7M.am4fg(System.om4fg)
                0x000000000000554c                xdc_runtime_System_exit__E
 .text.xdc_runtime_System_flush__E
                0x0000000000005564        0x4 /home/satish/ti/bios_6_76_02_02/packages/gnu/targets/arm/rtsv7M/lib/gnu.targets.arm.rtsv7M.am4fg(System.om4fg)
                0x0000000000005564                xdc_runtime_System_flush__E
 .text.xdc_runtime_System_formatNum__I
                0x0000000000005568       0x54 /home/satish/ti/bios_6_76_02_02/packages/gnu/targets/arm/rtsv7M/lib/gnu.targets.arm.rtsv7M.am4fg(System.om4fg)
                0x0000000000005568                xdc_runtime_System_formatNum(int0_t)
 .text.xdc_runtime_System_putchar__I
                0x00000000000055bc       0x30 /home/satish/ti/bios_6_76_02_02/packages/gnu/targets/arm/rtsv7M/lib/gnu.targets.arm.rtsv7M.am4fg(System.om4fg)
                0x00000000000055bc                xdc_runtime_System_putchar(int0_t)
 .text.xdc_runtime_System_doPrint__I
                0x00000000000055ec      0x454 /home/satish/ti/bios_6_76_02_02/packages/gnu/targets/arm/rtsv7M/lib/gnu.targets.arm.rtsv7M.am4fg(System.om4fg)
                0x00000000000055ec                xdc_runtime_System_doPrint(int0_t)
 .text.xdc_runtime_System_avprintf__E
                0x0000000000005a40       0x2c /home/satish/ti/bios_6_76_02_02/packages/gnu/targets/arm/rtsv7M/lib/gnu.targets.arm.rtsv7M.am4fg(System.om4fg)
                0x0000000000005a40                xdc_runtime_System_avprintf__E
 .text.xdc_runtime_System_aprintf_va__F
                0x0000000000005a6c        0x4 /home/satish/ti/bios_6_76_02_02/packages/gnu/targets/arm/rtsv7M/lib/gnu.targets.arm.rtsv7M.am4fg(System.om4fg)
                0x0000000000005a6c                xdc_runtime_System_aprintf_va(void)
 .text.xdc_runtime_System_vprintf__E
                0x0000000000005a70       0x2c /home/satish/ti/bios_6_76_02_02/packages/gnu/targets/arm/rtsv7M/lib/gnu.targets.arm.rtsv7M.am4fg(System.om4fg)
                0x0000000000005a70                xdc_runtime_System_vprintf__E
 .text.xdc_runtime_System_printf_va__F
                0x0000000000005a9c        0x4 /home/satish/ti/bios_6_76_02_02/packages/gnu/targets/arm/rtsv7M/lib/gnu.targets.arm.rtsv7M.am4fg(System.om4fg)
                0x0000000000005a9c                xdc_runtime_System_printf_va(void)
 .text.xdc_runtime_System_vsnprintf__E
                0x0000000000005aa0       0x18 /home/satish/ti/bios_6_76_02_02/packages/gnu/targets/arm/rtsv7M/lib/gnu.targets.arm.rtsv7M.am4fg(System.om4fg)
                0x0000000000005aa0                xdc_runtime_System_vsnprintf__E
 .text.xdc_runtime_SysMin_Module_startup__E
                0x0000000000005ab8       0x20 /home/satish/ti/bios_6_76_02_02/packages/gnu/targets/arm/rtsv7M/lib/gnu.targets.arm.rtsv7M.am4fg(SysMin.om4fg)
                0x0000000000005ab8                xdc_runtime_SysMin_Module_startup__E
 .text.xdc_runtime_SysMin_putch__E
                0x0000000000005ad8       0x4c /home/satish/ti/bios_6_76_02_02/packages/gnu/targets/arm/rtsv7M/lib/gnu.targets.arm.rtsv7M.am4fg(SysMin.om4fg)
                0x0000000000005ad8                xdc_runtime_SysMin_putch__E
 .text.xdc_runtime_SysMin_ready__E
                0x0000000000005b24       0x10 /home/satish/ti/bios_6_76_02_02/packages/gnu/targets/arm/rtsv7M/lib/gnu.targets.arm.rtsv7M.am4fg(SysMin.om4fg)
                0x0000000000005b24                xdc_runtime_SysMin_ready__E
 .text.xdc_runtime_SysMin_flush__E
                0x0000000000005b34       0x54 /home/satish/ti/bios_6_76_02_02/packages/gnu/targets/arm/rtsv7M/lib/gnu.targets.arm.rtsv7M.am4fg(SysMin.om4fg)
                0x0000000000005b34                xdc_runtime_SysMin_flush__E
 .text.xdc_runtime_SysMin_abort__E
                0x0000000000005b88       0x44 /home/satish/ti/bios_6_76_02_02/packages/gnu/targets/arm/rtsv7M/lib/gnu.targets.arm.rtsv7M.am4fg(SysMin.om4fg)
                0x0000000000005b88                xdc_runtime_SysMin_abort__E
 .text.xdc_runtime_SysMin_exit__E
                0x0000000000005bcc       0x20 /home/satish/ti/bios_6_76_02_02/packages/gnu/targets/arm/rtsv7M/lib/gnu.targets.arm.rtsv7M.am4fg(SysMin.om4fg)
                0x0000000000005bcc                xdc_runtime_SysMin_exit__E
 .text.xdc_runtime_Text_ropeText__E
                0x0000000000005bec       0x14 /home/satish/ti/bios_6_76_02_02/packages/gnu/targets/arm/rtsv7M/lib/gnu.targets.arm.rtsv7M.am4fg(Text.om4fg)
                0x0000000000005bec                xdc_runtime_Text_ropeText__E
 .text.xdc_runtime_Text_visitRope2__I
                0x0000000000005c00       0x64 /home/satish/ti/bios_6_76_02_02/packages/gnu/targets/arm/rtsv7M/lib/gnu.targets.arm.rtsv7M.am4fg(Text.om4fg)
                0x0000000000005c00                xdc_runtime_Text_visitRope2(int0_t)
 .text.xdc_runtime_Text_xprintf__I
                0x0000000000005c64       0x40 /home/satish/ti/bios_6_76_02_02/packages/gnu/targets/arm/rtsv7M/lib/gnu.targets.arm.rtsv7M.am4fg(Text.om4fg)
                0x0000000000005c64                xdc_runtime_Text_xprintf(int0_t)
 .text.xdc_runtime_Text_printVisFxn__I
                0x0000000000005ca4       0x2c /home/satish/ti/bios_6_76_02_02/packages/gnu/targets/arm/rtsv7M/lib/gnu.targets.arm.rtsv7M.am4fg(Text.om4fg)
                0x0000000000005ca4                xdc_runtime_Text_printVisFxn(int0_t)
 .text.xdc_runtime_Text_putMod__E
                0x0000000000005cd0       0x9c /home/satish/ti/bios_6_76_02_02/packages/gnu/targets/arm/rtsv7M/lib/gnu.targets.arm.rtsv7M.am4fg(Text.om4fg)
                0x0000000000005cd0                xdc_runtime_Text_putMod__E
 .text.xdc_runtime_Text_putLab__E
                0x0000000000005d6c       0x84 /home/satish/ti/bios_6_76_02_02/packages/gnu/targets/arm/rtsv7M/lib/gnu.targets.arm.rtsv7M.am4fg(Text.om4fg)
                0x0000000000005d6c                xdc_runtime_Text_putLab__E
 .text.xdc_runtime_Text_putSite__E
                0x0000000000005df0       0xb8 /home/satish/ti/bios_6_76_02_02/packages/gnu/targets/arm/rtsv7M/lib/gnu.targets.arm.rtsv7M.am4fg(Text.om4fg)
                0x0000000000005df0                xdc_runtime_Text_putSite__E
 .text.xdc_runtime_Registry_findById__E
                0x0000000000005ea8       0x1c /home/satish/ti/bios_6_76_02_02/packages/gnu/targets/arm/rtsv7M/lib/gnu.targets.arm.rtsv7M.am4fg(Registry.om4fg)
                0x0000000000005ea8                xdc_runtime_Registry_findById__E
 .text.startupC
                0x0000000000005ec4       0x9c /home/satish/ti/bios_6_76_02_02/packages/gnu/targets/arm/rtsv7M/lib/boot.am4fg(startup.om4fg)
                0x0000000000005ec4                startupC
 .text._fini    0x0000000000005f60        0x4 /home/satish/ti/bios_6_76_02_02/packages/gnu/targets/arm/rtsv7M/lib/boot.am4fg(startup.om4fg)
                0x0000000000005f60                _fini
 .text._exit    0x0000000000005f64        0x4 /home/satish/ti/bios_6_76_02_02/packages/gnu/targets/arm/rtsv7M/lib/syscalls.am4fg(syscalls.om4fg)
                0x0000000000005f64                C$$EXIT
                0x0000000000005f64                _exit
 .text._write   0x0000000000005f68       0x10 /home/satish/ti/bios_6_76_02_02/packages/gnu/targets/arm/libs/install-native/arm-none-eabi/lib/thumb/v7e-m/fpv4-sp/hard/libnosys.a(write.o)
                0x0000000000005f68                _write
 .text.abort    0x0000000000005f78        0xe /home/satish/ti/bios_6_76_02_02/packages/gnu/targets/arm/libs/install-native/arm-none-eabi/lib/thumb/v7e-m/fpv4-sp/hard/libc_nano.a(lib_a-abort.o)
                0x0000000000005f78                abort
 *fill*         0x0000000000005f86        0x2 
 .text.exit     0x0000000000005f88       0x28 /home/satish/ti/bios_6_76_02_02/packages/gnu/targets/arm/libs/install-native/arm-none-eabi/lib/thumb/v7e-m/fpv4-sp/hard/libc_nano.a(lib_a-exit.o)
                0x0000000000005f88                exit
 .text._fclose_r
                0x0000000000005fb0       0xe4 /home/satish/ti/bios_6_76_02_02/packages/gnu/targets/arm/libs/install-native/arm-none-eabi/lib/thumb/v7e-m/fpv4-sp/hard/libc_nano.a(lib_a-fclose.o)
                0x0000000000005fb0                _fclose_r
 .text.__sflush_r
                0x0000000000006094      0x10c /home/satish/ti/bios_6_76_02_02/packages/gnu/targets/arm/libs/install-native/arm-none-eabi/lib/thumb/v7e-m/fpv4-sp/hard/libc_nano.a(lib_a-fflush.o)
                0x0000000000006094                __sflush_r
 .text._fflush_r
                0x00000000000061a0       0x80 /home/satish/ti/bios_6_76_02_02/packages/gnu/targets/arm/libs/install-native/arm-none-eabi/lib/thumb/v7e-m/fpv4-sp/hard/libc_nano.a(lib_a-fflush.o)
                0x00000000000061a0                _fflush_r
 .text.std      0x0000000000006220       0x44 /home/satish/ti/bios_6_76_02_02/packages/gnu/targets/arm/libs/install-native/arm-none-eabi/lib/thumb/v7e-m/fpv4-sp/hard/libc_nano.a(lib_a-findfp.o)
 .text._cleanup_r
                0x0000000000006264        0xc /home/satish/ti/bios_6_76_02_02/packages/gnu/targets/arm/libs/install-native/arm-none-eabi/lib/thumb/v7e-m/fpv4-sp/hard/libc_nano.a(lib_a-findfp.o)
                0x0000000000006264                _cleanup_r
 .text.__sfmoreglue
                0x0000000000006270       0x2c /home/satish/ti/bios_6_76_02_02/packages/gnu/targets/arm/libs/install-native/arm-none-eabi/lib/thumb/v7e-m/fpv4-sp/hard/libc_nano.a(lib_a-findfp.o)
                0x0000000000006270                __sfmoreglue
 .text.__sfp_lock_acquire
                0x000000000000629c        0xc /home/satish/ti/bios_6_76_02_02/packages/gnu/targets/arm/libs/install-native/arm-none-eabi/lib/thumb/v7e-m/fpv4-sp/hard/libc_nano.a(lib_a-findfp.o)
                0x000000000000629c                __sfp_lock_acquire
 .text.__sfp_lock_release
                0x00000000000062a8        0xc /home/satish/ti/bios_6_76_02_02/packages/gnu/targets/arm/libs/install-native/arm-none-eabi/lib/thumb/v7e-m/fpv4-sp/hard/libc_nano.a(lib_a-findfp.o)
                0x00000000000062a8                __sfp_lock_release
 .text.__sinit_lock_acquire
                0x00000000000062b4        0xc /home/satish/ti/bios_6_76_02_02/packages/gnu/targets/arm/libs/install-native/arm-none-eabi/lib/thumb/v7e-m/fpv4-sp/hard/libc_nano.a(lib_a-findfp.o)
                0x00000000000062b4                __sinit_lock_acquire
 .text.__sinit_lock_release
                0x00000000000062c0        0xc /home/satish/ti/bios_6_76_02_02/packages/gnu/targets/arm/libs/install-native/arm-none-eabi/lib/thumb/v7e-m/fpv4-sp/hard/libc_nano.a(lib_a-findfp.o)
                0x00000000000062c0                __sinit_lock_release
 .text.__sinit  0x00000000000062cc       0x70 /home/satish/ti/bios_6_76_02_02/packages/gnu/targets/arm/libs/install-native/arm-none-eabi/lib/thumb/v7e-m/fpv4-sp/hard/libc_nano.a(lib_a-findfp.o)
                0x00000000000062cc                __sinit
 .text.__sfp    0x000000000000633c       0x8c /home/satish/ti/bios_6_76_02_02/packages/gnu/targets/arm/libs/install-native/arm-none-eabi/lib/thumb/v7e-m/fpv4-sp/hard/libc_nano.a(lib_a-findfp.o)
                0x000000000000633c                __sfp
 .text._fwalk_reent
                0x00000000000063c8       0x3c /home/satish/ti/bios_6_76_02_02/packages/gnu/targets/arm/libs/install-native/arm-none-eabi/lib/thumb/v7e-m/fpv4-sp/hard/libc_nano.a(lib_a-fwalk.o)
                0x00000000000063c8                _fwalk_reent
 .text.memcpy   0x0000000000006404       0x16 /home/satish/ti/bios_6_76_02_02/packages/gnu/targets/arm/libs/install-native/arm-none-eabi/lib/thumb/v7e-m/fpv4-sp/hard/libc_nano.a(lib_a-memcpy-stub.o)
                0x0000000000006404                memcpy
 .text.memset   0x000000000000641a       0x10 /home/satish/ti/bios_6_76_02_02/packages/gnu/targets/arm/libs/install-native/arm-none-eabi/lib/thumb/v7e-m/fpv4-sp/hard/libc_nano.a(lib_a-memset.o)
                0x000000000000641a                memset
 .text.cleanup_glue
                0x000000000000642a       0x1a /home/satish/ti/bios_6_76_02_02/packages/gnu/targets/arm/libs/install-native/arm-none-eabi/lib/thumb/v7e-m/fpv4-sp/hard/libc_nano.a(lib_a-reent.o)
                0x000000000000642a                cleanup_glue
 .text._reclaim_reent
                0x0000000000006444       0xb8 /home/satish/ti/bios_6_76_02_02/packages/gnu/targets/arm/libs/install-native/arm-none-eabi/lib/thumb/v7e-m/fpv4-sp/hard/libc_nano.a(lib_a-reent.o)
                0x0000000000006444                _reclaim_reent
 .text._raise_r
                0x00000000000064fc       0x50 /home/satish/ti/bios_6_76_02_02/packages/gnu/targets/arm/libs/install-native/arm-none-eabi/lib/thumb/v7e-m/fpv4-sp/hard/libc_nano.a(lib_a-signal.o)
                0x00000000000064fc                _raise_r
 .text.raise    0x000000000000654c       0x12 /home/satish/ti/bios_6_76_02_02/packages/gnu/targets/arm/libs/install-native/arm-none-eabi/lib/thumb/v7e-m/fpv4-sp/hard/libc_nano.a(lib_a-signal.o)
                0x000000000000654c                raise
 *fill*         0x000000000000655e        0x2 
 .text._kill_r  0x0000000000006560       0x24 /home/satish/ti/bios_6_76_02_02/packages/gnu/targets/arm/libs/install-native/arm-none-eabi/lib/thumb/v7e-m/fpv4-sp/hard/libc_nano.a(lib_a-signalr.o)
                0x0000000000006560                _kill_r
 .text._getpid_r
                0x0000000000006584        0x4 /home/satish/ti/bios_6_76_02_02/packages/gnu/targets/arm/libs/install-native/arm-none-eabi/lib/thumb/v7e-m/fpv4-sp/hard/libc_nano.a(lib_a-signalr.o)
                0x0000000000006584                _getpid_r
 .text.__sread  0x0000000000006588       0x22 /home/satish/ti/bios_6_76_02_02/packages/gnu/targets/arm/libs/install-native/arm-none-eabi/lib/thumb/v7e-m/fpv4-sp/hard/libc_nano.a(lib_a-stdio.o)
                0x0000000000006588                __sread
 .text.__swrite
                0x00000000000065aa       0x38 /home/satish/ti/bios_6_76_02_02/packages/gnu/targets/arm/libs/install-native/arm-none-eabi/lib/thumb/v7e-m/fpv4-sp/hard/libc_nano.a(lib_a-stdio.o)
                0x00000000000065aa                __swrite
 .text.__sseek  0x00000000000065e2       0x24 /home/satish/ti/bios_6_76_02_02/packages/gnu/targets/arm/libs/install-native/arm-none-eabi/lib/thumb/v7e-m/fpv4-sp/hard/libc_nano.a(lib_a-stdio.o)
                0x00000000000065e2                __sseek
 .text.ti_sysbios_rts_gnu_ReentSupport_checkIfCorrectLibrary
                0x0000000000006606        0x2 /home/satish/ti/bios_6_76_02_02/packages/gnu/targets/arm/libs/install-native/arm-none-eabi/lib/thumb/v7e-m/fpv4-sp/hard/libc_nano.a(lib_a-tirtos_validate.o)
                0x0000000000006606                ti_sysbios_rts_gnu_ReentSupport_checkIfCorrectLibrary
 .text._write_r
                0x0000000000006608       0x24 /home/satish/ti/bios_6_76_02_02/packages/gnu/targets/arm/libs/install-native/arm-none-eabi/lib/thumb/v7e-m/fpv4-sp/hard/libc_nano.a(lib_a-writer.o)
                0x0000000000006608                _write_r
 .text._lseek_r
                0x000000000000662c       0x24 /home/satish/ti/bios_6_76_02_02/packages/gnu/targets/arm/libs/install-native/arm-none-eabi/lib/thumb/v7e-m/fpv4-sp/hard/libc_nano.a(lib_a-lseekr.o)
                0x000000000000662c                _lseek_r
 .text._read_r  0x0000000000006650       0x24 /home/satish/ti/bios_6_76_02_02/packages/gnu/targets/arm/libs/install-native/arm-none-eabi/lib/thumb/v7e-m/fpv4-sp/hard/libc_nano.a(lib_a-readr.o)
                0x0000000000006650                _read_r
 .text._getpid  0x0000000000006674       0x10 /home/satish/ti/bios_6_76_02_02/packages/gnu/targets/arm/libs/install-native/arm-none-eabi/lib/thumb/v7e-m/fpv4-sp/hard/libnosys.a(getpid.o)
                0x0000000000006674                _getpid
 .text._kill    0x0000000000006684       0x10 /home/satish/ti/bios_6_76_02_02/packages/gnu/targets/arm/libs/install-native/arm-none-eabi/lib/thumb/v7e-m/fpv4-sp/hard/libnosys.a(kill.o)
                0x0000000000006684                _kill
 .text._lseek   0x0000000000006694       0x10 /home/satish/ti/bios_6_76_02_02/packages/gnu/targets/arm/libs/install-native/arm-none-eabi/lib/thumb/v7e-m/fpv4-sp/hard/libnosys.a(lseek.o)
                0x0000000000006694                _lseek
 .text._read    0x00000000000066a4       0x10 /home/satish/ti/bios_6_76_02_02/packages/gnu/targets/arm/libs/install-native/arm-none-eabi/lib/thumb/v7e-m/fpv4-sp/hard/libnosys.a(read.o)
                0x00000000000066a4                _read
                0x00000000000066b4                . = ALIGN (0x4)
 *(.ctors)
                0x00000000000066b4                . = ALIGN (0x4)
 *(.dtors)
                0x00000000000066b4                . = ALIGN (0x4)
                0x00000000000066b4                __init_array_start = .
 *(.init_array*)
                0x00000000000066b4                __init_array_end = .
 *(.init)
 *(.fini*)
                [!provide]                        PROVIDE (__etext, .)
                [!provide]                        PROVIDE (_etext, .)
                [!provide]                        PROVIDE (etext, .)

.glue_7         0x00000000000066b4        0x0
 .glue_7        0x00000000000066b4        0x0 linker stubs

.glue_7t        0x00000000000066b4        0x0
 .glue_7t       0x00000000000066b4        0x0 linker stubs

.vfp11_veneer   0x00000000000066b4        0x0
 .vfp11_veneer  0x00000000000066b4        0x0 linker stubs

.v4_bx          0x00000000000066b4        0x0
 .v4_bx         0x00000000000066b4        0x0 linker stubs

.iplt           0x00000000000066b4        0x0
 .iplt          0x00000000000066b4        0x0 ./main.o

.c_int00        0x00000000000066b4       0x44
 .c_int00       0x00000000000066b4       0x44 /home/satish/ti/bios_6_76_02_02/packages/gnu/targets/arm/rtsv7M/lib/boot.am4fg(boot.om4fg)
                0x00000000000066b4                _c_int00
                0x00000000000066de                _reset_fxns_done_

.rodata         0x00000000000066f8     0x2898
 *(.rodata)
 *(.rodata*)
 .rodata.main.str1.4
                0x00000000000066f8       0x27 ./main.o
 *fill*         0x000000000000671f        0x1 
 .rodata.taskFxn.str1.4
                0x0000000000006720       0x24 ./main.o
 .rodata.xdc_runtime_LoggerBuf_Handle__label__S.str1.4
                0x0000000000006744       0x18 /home/satish/workspace_v9/esp8266_tm4c123/Debug/configPkg/package/cfg/app_pm4fg.om4fg
 .rodata_ti_catalog_arm_cortexm4_tiva_ce_Boot_A_mustUseEnhancedClockMode__C
                0x000000000000675c        0x4 /home/satish/workspace_v9/esp8266_tm4c123/Debug/configPkg/package/cfg/app_pm4fg.om4fg
                0x000000000000675c                ti_catalog_arm_cortexm4_tiva_ce_Boot_A_mustUseEnhancedClockMode(void) const
 .rodata_ti_catalog_arm_cortexm4_tiva_ce_Boot_Module__diagsEnabled__C
                0x0000000000006760        0x4 /home/satish/workspace_v9/esp8266_tm4c123/Debug/configPkg/package/cfg/app_pm4fg.om4fg
                0x0000000000006760                ti_catalog_arm_cortexm4_tiva_ce_Boot_Module__diagsEnabled(void) const
 .rodata_ti_catalog_arm_cortexm4_tiva_ce_Boot_Module__diagsIncluded__C
                0x0000000000006764        0x4 /home/satish/workspace_v9/esp8266_tm4c123/Debug/configPkg/package/cfg/app_pm4fg.om4fg
                0x0000000000006764                ti_catalog_arm_cortexm4_tiva_ce_Boot_Module__diagsIncluded(void) const
 .rodata_ti_catalog_arm_cortexm4_tiva_ce_Boot_Module__diagsMask__C
                0x0000000000006768        0x4 /home/satish/workspace_v9/esp8266_tm4c123/Debug/configPkg/package/cfg/app_pm4fg.om4fg
                0x0000000000006768                ti_catalog_arm_cortexm4_tiva_ce_Boot_Module__diagsMask(void) const
 .rodata_ti_catalog_arm_cortexm4_tiva_ce_Boot_Module__id__C
                0x000000000000676c        0x2 /home/satish/workspace_v9/esp8266_tm4c123/Debug/configPkg/package/cfg/app_pm4fg.om4fg
                0x000000000000676c                ti_catalog_arm_cortexm4_tiva_ce_Boot_Module__id(void) const
 *fill*         0x000000000000676e        0x2 
 .rodata_ti_sysbios_family_arm_lm4_Timer_enableFunc__C
                0x0000000000006770        0x4 /home/satish/workspace_v9/esp8266_tm4c123/Debug/configPkg/package/cfg/app_pm4fg.om4fg
                0x0000000000006770                ti_sysbios_family_arm_lm4_Timer_enableFunc(void) const
 .rodata_ti_sysbios_family_arm_lm4_Timer_numTimerDevices__C
                0x0000000000006774        0x4 /home/satish/workspace_v9/esp8266_tm4c123/Debug/configPkg/package/cfg/app_pm4fg.om4fg
                0x0000000000006774                ti_sysbios_family_arm_lm4_Timer_numTimerDevices(void) const
 .rodata_ti_sysbios_family_arm_lm4_Timer_startupNeeded__C
                0x0000000000006778        0x4 /home/satish/workspace_v9/esp8266_tm4c123/Debug/configPkg/package/cfg/app_pm4fg.om4fg
                0x0000000000006778                ti_sysbios_family_arm_lm4_Timer_startupNeeded(void) const
 .rodata_ti_sysbios_family_arm_lm4_TimestampProvider_useClockTimer__C
                0x000000000000677c        0x2 /home/satish/workspace_v9/esp8266_tm4c123/Debug/configPkg/package/cfg/app_pm4fg.om4fg
                0x000000000000677c                ti_sysbios_family_arm_lm4_TimestampProvider_useClockTimer(void) const
 *fill*         0x000000000000677e        0x2 
 .rodata_ti_sysbios_family_arm_m3_Hwi_E_NMI__C
                0x0000000000006780        0x4 /home/satish/workspace_v9/esp8266_tm4c123/Debug/configPkg/package/cfg/app_pm4fg.om4fg
                0x0000000000006780                ti_sysbios_family_arm_m3_Hwi_E_NMI(void) const
 .rodata_ti_sysbios_family_arm_m3_Hwi_E_busFault__C
                0x0000000000006784        0x4 /home/satish/workspace_v9/esp8266_tm4c123/Debug/configPkg/package/cfg/app_pm4fg.om4fg
                0x0000000000006784                ti_sysbios_family_arm_m3_Hwi_E_busFault(void) const
 .rodata_ti_sysbios_family_arm_m3_Hwi_E_debugMon__C
                0x0000000000006788        0x4 /home/satish/workspace_v9/esp8266_tm4c123/Debug/configPkg/package/cfg/app_pm4fg.om4fg
                0x0000000000006788                ti_sysbios_family_arm_m3_Hwi_E_debugMon(void) const
 .rodata_ti_sysbios_family_arm_m3_Hwi_E_hardFault__C
                0x000000000000678c        0x4 /home/satish/workspace_v9/esp8266_tm4c123/Debug/configPkg/package/cfg/app_pm4fg.om4fg
                0x000000000000678c                ti_sysbios_family_arm_m3_Hwi_E_hardFault(void) const
 .rodata_ti_sysbios_family_arm_m3_Hwi_E_memFault__C
                0x0000000000006790        0x4 /home/satish/workspace_v9/esp8266_tm4c123/Debug/configPkg/package/cfg/app_pm4fg.om4fg
                0x0000000000006790                ti_sysbios_family_arm_m3_Hwi_E_memFault(void) const
 .rodata_ti_sysbios_family_arm_m3_Hwi_E_noIsr__C
                0x0000000000006794        0x4 /home/satish/workspace_v9/esp8266_tm4c123/Debug/configPkg/package/cfg/app_pm4fg.om4fg
                0x0000000000006794                ti_sysbios_family_arm_m3_Hwi_E_noIsr(void) const
 .rodata_ti_sysbios_family_arm_m3_Hwi_E_reserved__C
                0x0000000000006798        0x4 /home/satish/workspace_v9/esp8266_tm4c123/Debug/configPkg/package/cfg/app_pm4fg.om4fg
                0x0000000000006798                ti_sysbios_family_arm_m3_Hwi_E_reserved(void) const
 .rodata_ti_sysbios_family_arm_m3_Hwi_E_svCall__C
                0x000000000000679c        0x4 /home/satish/workspace_v9/esp8266_tm4c123/Debug/configPkg/package/cfg/app_pm4fg.om4fg
                0x000000000000679c                ti_sysbios_family_arm_m3_Hwi_E_svCall(void) const
 .rodata_ti_sysbios_family_arm_m3_Hwi_E_usageFault__C
                0x00000000000067a0        0x4 /home/satish/workspace_v9/esp8266_tm4c123/Debug/configPkg/package/cfg/app_pm4fg.om4fg
                0x00000000000067a0                ti_sysbios_family_arm_m3_Hwi_E_usageFault(void) const
 .rodata_ti_sysbios_family_arm_m3_Hwi_LD_end__C
                0x00000000000067a4        0x4 /home/satish/workspace_v9/esp8266_tm4c123/Debug/configPkg/package/cfg/app_pm4fg.om4fg
                0x00000000000067a4                ti_sysbios_family_arm_m3_Hwi_LD_end(void) const
 .rodata_ti_sysbios_family_arm_m3_Hwi_LM_begin__C
                0x00000000000067a8        0x4 /home/satish/workspace_v9/esp8266_tm4c123/Debug/configPkg/package/cfg/app_pm4fg.om4fg
                0x00000000000067a8                ti_sysbios_family_arm_m3_Hwi_LM_begin(void) const
 .rodata_ti_sysbios_family_arm_m3_Hwi_Module__diagsEnabled__C
                0x00000000000067ac        0x4 /home/satish/workspace_v9/esp8266_tm4c123/Debug/configPkg/package/cfg/app_pm4fg.om4fg
                0x00000000000067ac                ti_sysbios_family_arm_m3_Hwi_Module__diagsEnabled(void) const
 .rodata_ti_sysbios_family_arm_m3_Hwi_Module__diagsIncluded__C
                0x00000000000067b0        0x4 /home/satish/workspace_v9/esp8266_tm4c123/Debug/configPkg/package/cfg/app_pm4fg.om4fg
                0x00000000000067b0                ti_sysbios_family_arm_m3_Hwi_Module__diagsIncluded(void) const
 .rodata_ti_sysbios_family_arm_m3_Hwi_Module__diagsMask__C
                0x00000000000067b4        0x4 /home/satish/workspace_v9/esp8266_tm4c123/Debug/configPkg/package/cfg/app_pm4fg.om4fg
                0x00000000000067b4                ti_sysbios_family_arm_m3_Hwi_Module__diagsMask(void) const
 .rodata_ti_sysbios_family_arm_m3_Hwi_Module__id__C
                0x00000000000067b8        0x2 /home/satish/workspace_v9/esp8266_tm4c123/Debug/configPkg/package/cfg/app_pm4fg.om4fg
                0x00000000000067b8                ti_sysbios_family_arm_m3_Hwi_Module__id(void) const
 .rodata_ti_sysbios_family_arm_m3_Hwi_Module__loggerDefined__C
                0x00000000000067ba        0x2 /home/satish/workspace_v9/esp8266_tm4c123/Debug/configPkg/package/cfg/app_pm4fg.om4fg
                0x00000000000067ba                ti_sysbios_family_arm_m3_Hwi_Module__loggerDefined(void) const
 .rodata_ti_sysbios_family_arm_m3_Hwi_Module__loggerFxn1__C